[?2026h[?25l[1Gpulling manifest ⠋ [K[?25h[?2026l[?2026h[?25l[1Gpulling manifest ⠙ [K[?25h[?2026l[?2026h[?25l[1Gpulling manifest ⠸ [K[?25h[?2026l[?2026h[?25l[1Gpulling manifest ⠸ [K[?25h[?2026l[?2026h[?25l[1Gpulling manifest ⠼ [K[?25h[?2026l[?2026h[?25l[1Gpulling manifest ⠴ [K[?25h[?2026l[?2026h[?25l[1Gpulling manifest ⠦ [K[?25h[?2026l[?2026h[?25l[1Gpulling manifest ⠧ [K[?25h[?2026l[?2026h[?25l[1Gpulling manifest ⠇ [K[?25h[?2026l[?2026h[?25l[1Gpulling manifest ⠏ [K[?25h[?2026l[?2026h[?25l[1Gpulling manifest ⠋ [K[?25h[?2026l[?2026h[?25l[1Gpulling manifest ⠙ [K[?25h[?2026l[?2026h[?25l[1Gpulling manifest [K
pulling 970aa74c0a90:   0% ▕                  ▏ 714 KB/274 MB                  [K[?25h[?2026l[?2026h[?25l[A[1Gpulling manifest [K
pulling 970aa74c0a90:   0% ▕                  ▏ 1.1 MB/274 MB                  [K[?25h[?2026l[?2026h[?25l[A[1Gpulling manifest [K
pulling 970aa74c0a90:   0% ▕                  ▏ 1.3 MB/274 MB                  [K[?25h[?2026l[?2026h[?25l[A[1Gpulling manifest [K
pulling 970aa74c0a90:   1% ▕                  ▏ 1.6 MB/274 MB                  [K[?25h[?2026l[?2026h[?25l[A[1Gpulling manifest [K
pulling 970aa74c0a90:   1% ▕                  ▏ 2.2 MB/274 MB                  [K[?25h[?2026l[?2026h[?25l[A[1Gpulling manifest [K
pulling 970aa74c0a90:   1% ▕                  ▏ 2.5 MB/274 MB                  [K[?25h[?2026l[?2026h[?25l[A[1Gpulling manifest [K
pulling 970aa74c0a90:   1% ▕                  ▏ 3.1 MB/274 MB                  [K[?25h[?2026l[?2026h[?25l[A[1Gpulling manifest [K
pulling 970aa74c0a90:   1% ▕                  ▏ 3.6 MB/274 MB                  [K[?25h[?2026l[?2026h[?25l[A[1Gpulling manifest [K
pulling 970aa74c0a90:   1% ▕                  ▏ 3.9 MB/274 MB                  [K[?25h[?2026l[?2026h[?25l[A[1Gpulling manifest [K
pulling 970aa74c0a90:   2% ▕                  ▏ 4.4 MB/274 MB                  [K[?25h[?2026l[?2026h[?25l[A[1Gpulling manifest [K
pulling 970aa74c0a90:   2% ▕                  ▏ 5.1 MB/274 MB  4.4 MB/s    1m0s[K[?25h[?2026l[?2026h[?25l[A[1Gpulling manifest [K
pulling 970aa74c0a90:   2% ▕                  ▏ 5.3 MB/274 MB  4.4 MB/s    1m0s[K[?25h[?2026l[?2026h[?25l[A[1Gpulling manifest [K
pulling 970aa74c0a90:   2% ▕                  ▏ 5.7 MB/274 MB  4.4 MB/s    1m0s[K[?25h[?2026l[?2026h[?25l[A[1Gpulling manifest [K
pulling 970aa74c0a90:   2% ▕                  ▏ 6.2 MB/274 MB  4.4 MB/s    1m0s[K[?25h[?2026l[?2026h[?25l[A[1Gpulling manifest [K
pulling 970aa74c0a90:   2% ▕                  ▏ 6.3 MB/274 MB  4.4 MB/s    1m0s[K[?25h[?2026l[?2026h[?25l[A[1Gpulling manifest [K
pulling 970aa74c0a90:   3% ▕                  ▏ 6.9 MB/274 MB  4.4 MB/s    1m0s[K[?25h[?2026l[?2026h[?25l[A[1Gpulling manifest [K
pulling 970aa74c0a90:   3% ▕                  ▏ 7.5 MB/274 MB  4.4 MB/s    1m0s[K[?25h[?2026l[?2026h[?25l[A[1Gpulling manifest [K
pulling 970aa74c0a90:   3% ▕                  ▏ 7.8 MB/274 MB  4.4 MB/s    1m0s[K[?25h[?2026l[?2026h[?25l[A[1Gpulling manifest [K
pulling 970aa74c0a90:   3% ▕                  ▏ 8.3 MB/274 MB  4.4 MB/s    1m0s[K[?25h[?2026l[?2026h[?25l[A[1Gpulling manifest [K
pulling 970aa74c0a90:   3% ▕                  ▏ 8.9 MB/274 MB  4.4 MB/s    1m0s[K[?25h[?2026l[?2026h[?25l[A[1Gpulling manifest [K
pulling 970aa74c0a90:   3% ▕                  ▏ 9.1 MB/274 MB  4.4 MB/s    1m0s[K[?25h[?2026l[?2026h[?25l[A[1Gpulling manifest [K
pulling 970aa74c0a90:   4% ▕                  ▏ 9.8 MB/274 MB  4.4 MB/s    1m0s[K[?25h[?2026l[?2026h[?25l[A[1Gpulling manifest [K
pulling 970aa74c0a90:   4% ▕                  ▏  10 MB/274 MB  4.4 MB/s     59s[K[?25h[?2026l[?2026h[?25l[A[1Gpulling manifest [K
pulling 970aa74c0a90:   4% ▕                  ▏  10 MB/274 MB  4.4 MB/s     59s[K[?25h[?2026l[?2026h[?25l[A[1Gpulling manifest [K
pulling 970aa74c0a90:   4% ▕                  ▏  11 MB/274 MB  4.4 MB/s     59s[K[?25h[?2026l[?2026h[?25l[A[1Gpulling manifest [K
pulling 970aa74c0a90:   4% ▕                  ▏  11 MB/274 MB  4.4 MB/s     59s[K[?25h[?2026l[?2026h[?25l[A[1Gpulling manifest [K
pulling 970aa74c0a90:   4% ▕                  ▏  12 MB/274 MB  4.4 MB/s     59s[K[?25h[?2026l[?2026h[?25l[A[1Gpulling manifest [K
pulling 970aa74c0a90:   5% ▕                  ▏  12 MB/274 MB  4.4 MB/s     59s[K[?25h[?2026l[?2026h[?25l[A[1Gpulling manifest [K
pulling 970aa74c0a90:   5% ▕                  ▏  13 MB/274 MB  4.4 MB/s     59s[K[?25h[?2026l[?2026h[?25l[A[1Gpulling manifest [K
pulling 970aa74c0a90:   5% ▕                  ▏  13 MB/274 MB  4.4 MB/s     59s[K[?25h[?2026l[?2026h[?25l[A[1Gpulling manifest [K
pulling 970aa74c0a90:   5% ▕                  ▏  14 MB/274 MB  4.6 MB/s     56s[K[?25h[?2026l[?2026h[?25l[A[1Gpulling manifest [K
pulling 970aa74c0a90:   5% ▕                  ▏  14 MB/274 MB  4.6 MB/s     56s[K[?25h[?2026l[?2026h[?25l[A[1Gpulling manifest [K
pulling 970aa74c0a90:   5% ▕                  ▏  15 MB/274 MB  4.6 MB/s     56s[K[?25h[?2026l[?2026h[?25l[A[1Gpulling manifest [K
pulling 970aa74c0a90:   6% ▕█                 ▏  15 MB/274 MB  4.6 MB/s     56s[K[?25h[?2026l[?2026h[?25l[A[1Gpulling manifest [K
pulling 970aa74c0a90:   6% ▕█                 ▏  16 MB/274 MB  4.6 MB/s     55s[K[?25h[?2026l[?2026h[?25l[A[1Gpulling manifest [K
pulling 970aa74c0a90:   6% ▕█                 ▏  16 MB/274 MB  4.6 MB/s     55s[K[?25h[?2026l[?2026h[?25l[A[1Gpulling manifest [K
pulling 970aa74c0a90:   6% ▕█                 ▏  16 MB/274 MB  4.6 MB/s     55s[K[?25h[?2026l[?2026h[?25l[A[1Gpulling manifest [K
pulling 970aa74c0a90:   6% ▕█                 ▏  17 MB/274 MB  4.6 MB/s     55s[K[?25h[?2026l[?2026h[?25l[A[1Gpulling manifest [K
pulling 970aa74c0a90:   7% ▕█                 ▏  17 MB/274 MB  4.6 MB/s     55s[K[?25h[?2026l[?2026h[?25l[A[1Gpulling manifest [K
pulling 970aa74c0a90:   7% ▕█                 ▏  18 MB/274 MB  4.6 MB/s     55s[K[?25h[?2026l[?2026h[?25l[A[1Gpulling manifest [K
pulling 970aa74c0a90:   7% ▕█                 ▏  18 MB/274 MB  4.6 MB/s     55s[K[?25h[?2026l[?2026h[?25l[A[1Gpulling manifest [K
pulling 970aa74c0a90:   7% ▕█                 ▏  19 MB/274 MB  4.6 MB/s     55s[K[?25h[?2026l[?2026h[?25l[A[1Gpulling manifest [K
pulling 970aa74c0a90:   7% ▕█                 ▏  19 MB/274 MB  4.6 MB/s     55s[K[?25h[?2026l[?2026h[?25l[A[1Gpulling manifest [K
pulling 970aa74c0a90:   7% ▕█                 ▏  20 MB/274 MB  4.6 MB/s     55s[K[?25h[?2026l[?2026h[?25l[A[1Gpulling manifest [K
pulling 970aa74c0a90:   7% ▕█                 ▏  20 MB/274 MB  4.6 MB/s     55s[K[?25h[?2026l[?2026h[?25l[A[1Gpulling manifest [K
pulling 970aa74c0a90:   8% ▕█                 ▏  21 MB/274 MB  4.6 MB/s     55s[K[?25h[?2026l[?2026h[?25l[A[1Gpulling manifest [K
pulling 970aa74c0a90:   8% ▕█                 ▏  21 MB/274 MB  4.6 MB/s     54s[K[?25h[?2026l[?2026h[?25l[A[1Gpulling manifest [K
pulling 970aa74c0a90:   8% ▕█                 ▏  21 MB/274 MB  4.6 MB/s     54s[K[?25h[?2026l[?2026h[?25l[A[1Gpulling manifest [K
pulling 970aa74c0a90:   8% ▕█                 ▏  22 MB/274 MB  4.6 MB/s     54s[K[?25h[?2026l[?2026h[?25l[A[1Gpulling manifest [K
pulling 970aa74c0a90:   8% ▕█                 ▏  23 MB/274 MB  4.6 MB/s     54s[K[?25h[?2026l[?2026h[?25l[A[1Gpulling manifest [K
pulling 970aa74c0a90:   9% ▕█                 ▏  23 MB/274 MB  4.6 MB/s     54s[K[?25h[?2026l[?2026h[?25l[A[1Gpulling manifest [K
pulling 970aa74c0a90:   9% ▕█                 ▏  23 MB/274 MB  4.7 MB/s     53s[K[?25h[?2026l[?2026h[?25l[A[1Gpulling manifest [K
pulling 970aa74c0a90:   9% ▕█                 ▏  24 MB/274 MB  4.7 MB/s     53s[K[?25h[?2026l[?2026h[?25l[A[1Gpulling manifest [K
pulling 970aa74c0a90:   9% ▕█                 ▏  24 MB/274 MB  4.7 MB/s     53s[K[?25h[?2026l[?2026h[?25l[A[1Gpulling manifest [K
pulling 970aa74c0a90:   9% ▕█                 ▏  25 MB/274 MB  4.7 MB/s     53s[K[?25h[?2026l[?2026h[?25l[A[1Gpulling manifest [K
pulling 970aa74c0a90:   9% ▕█                 ▏  25 MB/274 MB  4.7 MB/s     53s[K[?25h[?2026l[?2026h[?25l[A[1Gpulling manifest [K
pulling 970aa74c0a90:   9% ▕█                 ▏  26 MB/274 MB  4.7 MB/s     53s[K[?25h[?2026l[?2026h[?25l[A[1Gpulling manifest [K
pulling 970aa74c0a90:  10% ▕█                 ▏  26 MB/274 MB  4.7 MB/s     53s[K[?25h[?2026l[?2026h[?25l[A[1Gpulling manifest [K
pulling 970aa74c0a90:  10% ▕█                 ▏  27 MB/274 MB  4.7 MB/s     53s[K[?25h[?2026l[?2026h[?25l[A[1Gpulling manifest [K
pulling 970aa74c0a90:  10% ▕█                 ▏  27 MB/274 MB  4.7 MB/s     53s[K[?25h[?2026l[?2026h[?25l[A[1Gpulling manifest [K
pulling 970aa74c0a90:  10% ▕█                 ▏  27 MB/274 MB  4.7 MB/s     52s[K[?25h[?2026l[?2026h[?25l[A[1Gpulling manifest [K
pulling 970aa74c0a90:  10% ▕█                 ▏  28 MB/274 MB  4.6 MB/s     53s[K[?25h[?2026l[?2026h[?25l[A[1Gpulling manifest [K
pulling 970aa74c0a90:  10% ▕█                 ▏  28 MB/274 MB  4.6 MB/s     53s[K[?25h[?2026l[?2026h[?25l[A[1Gpulling manifest [K
pulling 970aa74c0a90:  11% ▕█                 ▏  29 MB/274 MB  4.6 MB/s     53s[K[?25h[?2026l[?2026h[?25l[A[1Gpulling manifest [K
pulling 970aa74c0a90:  11% ▕█                 ▏  29 MB/274 MB  4.6 MB/s     52s[K[?25h[?2026l[?2026h[?25l[A[1Gpulling manifest [K
pulling 970aa74c0a90:  11% ▕█                 ▏  29 MB/274 MB  4.6 MB/s     52s[K[?25h[?2026l[?2026h[?25l[A[1Gpulling manifest [K
pulling 970aa74c0a90:  11% ▕█                 ▏  30 MB/274 MB  4.6 MB/s     52s[K[?25h[?2026l[?2026h[?25l[A[1Gpulling manifest [K
pulling 970aa74c0a90:  11% ▕██                ▏  31 MB/274 MB  4.6 MB/s     52s[K[?25h[?2026l[?2026h[?25l[A[1Gpulling manifest [K
pulling 970aa74c0a90:  11% ▕██                ▏  31 MB/274 MB  4.6 MB/s     52s[K[?25h[?2026l[?2026h[?25l[A[1Gpulling manifest [K
pulling 970aa74c0a90:  12% ▕██                ▏  31 MB/274 MB  4.6 MB/s     52s[K[?25h[?2026l[?2026h[?25l[A[1Gpulling manifest [K
pulling 970aa74c0a90:  12% ▕██                ▏  32 MB/274 MB  4.6 MB/s     52s[K[?25h[?2026l[?2026h[?25l[A[1Gpulling manifest [K
pulling 970aa74c0a90:  12% ▕██                ▏  32 MB/274 MB  4.6 MB/s     52s[K[?25h[?2026l[?2026h[?25l[A[1Gpulling manifest [K
pulling 970aa74c0a90:  12% ▕██                ▏  33 MB/274 MB  4.6 MB/s     52s[K[?25h[?2026l[?2026h[?25l[A[1Gpulling manifest [K
pulling 970aa74c0a90:  12% ▕██                ▏  33 MB/274 MB  4.6 MB/s     52s[K[?25h[?2026l[?2026h[?25l[A[1Gpulling manifest [K
pulling 970aa74c0a90:  12% ▕██                ▏  33 MB/274 MB  4.6 MB/s     51s[K[?25h[?2026l[?2026h[?25l[A[1Gpulling manifest [K
pulling 970aa74c0a90:  13% ▕██                ▏  34 MB/274 MB  4.6 MB/s     51s[K[?25h[?2026l[?2026h[?25l[A[1Gpulling manifest [K
pulling 970aa74c0a90:  13% ▕██                ▏  34 MB/274 MB  4.6 MB/s     51s[K[?25h[?2026l[?2026h[?25l[A[1Gpulling manifest [K
pulling 970aa74c0a90:  13% ▕██                ▏  35 MB/274 MB  4.6 MB/s     51s[K[?25h[?2026l[?2026h[?25l[A[1Gpulling manifest [K
pulling 970aa74c0a90:  13% ▕██                ▏  36 MB/274 MB  4.6 MB/s     51s[K[?25h[?2026l[?2026h[?25l[A[1Gpulling manifest [K
pulling 970aa74c0a90:  13% ▕██                ▏  36 MB/274 MB  4.6 MB/s     51s[K[?25h[?2026l[?2026h[?25l[A[1Gpulling manifest [K
pulling 970aa74c0a90:  13% ▕██                ▏  36 MB/274 MB  4.6 MB/s     51s[K[?25h[?2026l[?2026h[?25l[A[1Gpulling manifest [K
pulling 970aa74c0a90:  14% ▕██                ▏  37 MB/274 MB  4.7 MB/s     50s[K[?25h[?2026l[?2026h[?25l[A[1Gpulling manifest [K
pulling 970aa74c0a90:  14% ▕██                ▏  38 MB/274 MB  4.7 MB/s     50s[K[?25h[?2026l[?2026h[?25l[A[1Gpulling manifest [K
pulling 970aa74c0a90:  14% ▕██                ▏  38 MB/274 MB  4.7 MB/s     50s[K[?25h[?2026l[?2026h[?25l[A[1Gpulling manifest [K
pulling 970aa74c0a90:  14% ▕██                ▏  38 MB/274 MB  4.7 MB/s     50s[K[?25h[?2026l[?2026h[?25l[A[1Gpulling manifest [K
pulling 970aa74c0a90:  14% ▕██                ▏  39 MB/274 MB  4.7 MB/s     50s[K[?25h[?2026l[?2026h[?25l[A[1Gpulling manifest [K
pulling 970aa74c0a90:  15% ▕██                ▏  39 MB/274 MB  4.7 MB/s     50s[K[?25h[?2026l[?2026h[?25l[A[1Gpulling manifest [K
pulling 970aa74c0a90:  15% ▕██                ▏  40 MB/274 MB  4.7 MB/s     50s[K[?25h[?2026l[?2026h[?25l[A[1Gpulling manifest [K
pulling 970aa74c0a90:  15% ▕██                ▏  41 MB/274 MB  4.7 MB/s     50s[K[?25h[?2026l[?2026h[?25l[A[1Gpulling manifest [K
pulling 970aa74c0a90:  15% ▕██                ▏  41 MB/274 MB  4.7 MB/s     50s[K[?25h[?2026l[?2026h[?25l[A[1Gpulling manifest [K
pulling 970aa74c0a90:  15% ▕██                ▏  41 MB/274 MB  4.7 MB/s     50s[K[?25h[?2026l[?2026h[?25l[A[1Gpulling manifest [K
pulling 970aa74c0a90:  16% ▕██                ▏  42 MB/274 MB  4.7 MB/s     49s[K[?25h[?2026l[?2026h[?25l[A[1Gpulling manifest [K
pulling 970aa74c0a90:  16% ▕██                ▏  42 MB/274 MB  4.7 MB/s     49s[K[?25h[?2026l[?2026h[?25l[A[1Gpulling manifest [K
pulling 970aa74c0a90:  16% ▕██                ▏  43 MB/274 MB  4.7 MB/s     49s[K[?25h[?2026l[?2026h[?25l[A[1Gpulling manifest [K
pulling 970aa74c0a90:  16% ▕██                ▏  43 MB/274 MB  4.7 MB/s     49s[K[?25h[?2026l[?2026h[?25l[A[1Gpulling manifest [K
pulling 970aa74c0a90:  16% ▕██                ▏  44 MB/274 MB  4.7 MB/s     49s[K[?25h[?2026l[?2026h[?25l[A[1Gpulling manifest [K
pulling 970aa74c0a90:  16% ▕██                ▏  44 MB/274 MB  4.7 MB/s     48s[K[?25h[?2026l[?2026h[?25l[A[1Gpulling manifest [K
pulling 970aa74c0a90:  16% ▕██                ▏  45 MB/274 MB  4.7 MB/s     48s[K[?25h[?2026l[?2026h[?25l[A[1Gpulling manifest [K
pulling 970aa74c0a90:  17% ▕██                ▏  45 MB/274 MB  4.7 MB/s     48s[K[?25h[?2026l[?2026h[?25l[A[1Gpulling manifest [K
pulling 970aa74c0a90:  17% ▕███               ▏  46 MB/274 MB  4.7 MB/s     48s[K[?25h[?2026l[?2026h[?25l[A[1Gpulling manifest [K
pulling 970aa74c0a90:  17% ▕███               ▏  46 MB/274 MB  4.7 MB/s     48s[K[?25h[?2026l[?2026h[?25l[A[1Gpulling manifest [K
pulling 970aa74c0a90:  17% ▕███               ▏  46 MB/274 MB  4.7 MB/s     48s[K[?25h[?2026l[?2026h[?25l[A[1Gpulling manifest [K
pulling 970aa74c0a90:  17% ▕███               ▏  47 MB/274 MB  4.7 MB/s     48s[K[?25h[?2026l[?2026h[?25l[A[1Gpulling manifest [K
pulling 970aa74c0a90:  18% ▕███               ▏  48 MB/274 MB  4.7 MB/s     47s[K[?25h[?2026l[?2026h[?25l[A[1Gpulling manifest [K
pulling 970aa74c0a90:  18% ▕███               ▏  48 MB/274 MB  4.7 MB/s     47s[K[?25h[?2026l[?2026h[?25l[A[1Gpulling manifest [K
pulling 970aa74c0a90:  18% ▕███               ▏  48 MB/274 MB  4.7 MB/s     47s[K[?25h[?2026l[?2026h[?25l[A[1Gpulling manifest [K
pulling 970aa74c0a90:  18% ▕███               ▏  49 MB/274 MB  4.7 MB/s     47s[K[?25h[?2026l[?2026h[?25l[A[1Gpulling manifest [K
pulling 970aa74c0a90:  18% ▕███               ▏  49 MB/274 MB  4.7 MB/s     47s[K[?25h[?2026l[?2026h[?25l[A[1Gpulling manifest [K
pulling 970aa74c0a90:  18% ▕███               ▏  50 MB/274 MB  4.7 MB/s     47s[K[?25h[?2026l[?2026h[?25l[A[1Gpulling manifest [K
pulling 970aa74c0a90:  19% ▕███               ▏  51 MB/274 MB  4.7 MB/s     47s[K[?25h[?2026l[?2026h[?25l[A[1Gpulling manifest [K
pulling 970aa74c0a90:  19% ▕███               ▏  51 MB/274 MB  4.7 MB/s     47s[K[?25h[?2026l[?2026h[?25l[A[1Gpulling manifest [K
pulling 970aa74c0a90:  19% ▕███               ▏  51 MB/274 MB  4.7 MB/s     47s[K[?25h[?2026l[?2026h[?25l[A[1Gpulling manifest [K
pulling 970aa74c0a90:  19% ▕███               ▏  52 MB/274 MB  4.8 MB/s     46s[K[?25h[?2026l[?2026h[?25l[A[1Gpulling manifest [K
pulling 970aa74c0a90:  19% ▕███               ▏  52 MB/274 MB  4.8 MB/s     46s[K[?25h[?2026l[?2026h[?25l[A[1Gpulling manifest [K
pulling 970aa74c0a90:  19% ▕███               ▏  53 MB/274 MB  4.8 MB/s     46s[K[?25h[?2026l[?2026h[?25l[A[1Gpulling manifest [K
pulling 970aa74c0a90:  20% ▕███               ▏  54 MB/274 MB  4.8 MB/s     45s[K[?25h[?2026l[?2026h[?25l[A[1Gpulling manifest [K
pulling 970aa74c0a90:  20% ▕███               ▏  54 MB/274 MB  4.8 MB/s     45s[K[?25h[?2026l[?2026h[?25l[A[1Gpulling manifest [K
pulling 970aa74c0a90:  20% ▕███               ▏  55 MB/274 MB  4.8 MB/s     45s[K[?25h[?2026l[?2026h[?25l[A[1Gpulling manifest [K
pulling 970aa74c0a90:  20% ▕███               ▏  55 MB/274 MB  4.8 MB/s     45s[K[?25h[?2026l[?2026h[?25l[A[1Gpulling manifest [K
pulling 970aa74c0a90:  20% ▕███               ▏  56 MB/274 MB  4.8 MB/s     45s[K[?25h[?2026l[?2026h[?25l[A[1Gpulling manifest [K
pulling 970aa74c0a90:  21% ▕███               ▏  56 MB/274 MB  4.8 MB/s     45s[K[?25h[?2026l[?2026h[?25l[A[1Gpulling manifest [K
pulling 970aa74c0a90:  21% ▕███               ▏  57 MB/274 MB  4.8 MB/s     45s[K[?25h[?2026l[?2026h[?25l[A[1Gpulling manifest [K
pulling 970aa74c0a90:  21% ▕███               ▏  57 MB/274 MB  4.8 MB/s     44s[K[?25h[?2026l[?2026h[?25l[A[1Gpulling manifest [K
pulling 970aa74c0a90:  21% ▕███               ▏  58 MB/274 MB  4.8 MB/s     44s[K[?25h[?2026l[?2026h[?25l[A[1Gpulling manifest [K
pulling 970aa74c0a90:  21% ▕███               ▏  58 MB/274 MB  4.8 MB/s     44s[K[?25h[?2026l[?2026h[?25l[A[1Gpulling manifest [K
pulling 970aa74c0a90:  22% ▕███               ▏  59 MB/274 MB  4.8 MB/s     44s[K[?25h[?2026l[?2026h[?25l[A[1Gpulling manifest [K
pulling 970aa74c0a90:  22% ▕███               ▏  59 MB/274 MB  4.8 MB/s     44s[K[?25h[?2026l[?2026h[?25l[A[1Gpulling manifest [K
pulling 970aa74c0a90:  22% ▕███               ▏  60 MB/274 MB  4.8 MB/s     44s[K[?25h[?2026l[?2026h[?25l[A[1Gpulling manifest [K
pulling 970aa74c0a90:  22% ▕███               ▏  60 MB/274 MB  4.8 MB/s     44s[K[?25h[?2026l[?2026h[?25l[A[1Gpulling manifest [K
pulling 970aa74c0a90:  22% ▕████              ▏  60 MB/274 MB  4.8 MB/s     44s[K[?25h[?2026l[?2026h[?25l[A[1Gpulling manifest [K
pulling 970aa74c0a90:  22% ▕████              ▏  61 MB/274 MB  4.8 MB/s     44s[K[?25h[?2026l[?2026h[?25l[A[1Gpulling manifest [K
pulling 970aa74c0a90:  23% ▕████              ▏  61 MB/274 MB  4.8 MB/s     44s[K[?25h[?2026l[?2026h[?25l[A[1Gpulling manifest [K
pulling 970aa74c0a90:  23% ▕████              ▏  62 MB/274 MB  4.9 MB/s     43s[K[?25h[?2026l[?2026h[?25l[A[1Gpulling manifest [K
pulling 970aa74c0a90:  23% ▕████              ▏  63 MB/274 MB  4.9 MB/s     43s[K[?25h[?2026l[?2026h[?25l[A[1Gpulling manifest [K
pulling 970aa74c0a90:  23% ▕████              ▏  63 MB/274 MB  4.9 MB/s     43s[K[?25h[?2026l[?2026h[?25l[A[1Gpulling manifest [K
pulling 970aa74c0a90:  23% ▕████              ▏  64 MB/274 MB  4.9 MB/s     43s[K[?25h[?2026l[?2026h[?25l[A[1Gpulling manifest [K
pulling 970aa74c0a90:  24% ▕████              ▏  64 MB/274 MB  4.9 MB/s     43s[K[?25h[?2026l[?2026h[?25l[A[1Gpulling manifest [K
pulling 970aa74c0a90:  24% ▕████              ▏  64 MB/274 MB  4.9 MB/s     43s[K[?25h[?2026l[?2026h[?25l[A[1Gpulling manifest [K
pulling 970aa74c0a90:  24% ▕████              ▏  65 MB/274 MB  4.9 MB/s     42s[K[?25h[?2026l[?2026h[?25l[A[1Gpulling manifest [K
pulling 970aa74c0a90:  24% ▕████              ▏  66 MB/274 MB  4.9 MB/s     42s[K[?25h[?2026l[?2026h[?25l[A[1Gpulling manifest [K
pulling 970aa74c0a90:  24% ▕████              ▏  66 MB/274 MB  4.9 MB/s     42s[K[?25h[?2026l[?2026h[?25l[A[1Gpulling manifest [K
pulling 970aa74c0a90:  24% ▕████              ▏  67 MB/274 MB  4.9 MB/s     42s[K[?25h[?2026l[?2026h[?25l[A[1Gpulling manifest [K
pulling 970aa74c0a90:  25% ▕████              ▏  67 MB/274 MB  4.9 MB/s     42s[K[?25h[?2026l[?2026h[?25l[A[1Gpulling manifest [K
pulling 970aa74c0a90:  25% ▕████              ▏  67 MB/274 MB  4.9 MB/s     42s[K[?25h[?2026l[?2026h[?25l[A[1Gpulling manifest [K
pulling 970aa74c0a90:  25% ▕████              ▏  68 MB/274 MB  4.9 MB/s     42s[K[?25h[?2026l[?2026h[?25l[A[1Gpulling manifest [K
pulling 970aa74c0a90:  25% ▕████              ▏  68 MB/274 MB  4.9 MB/s     41s[K[?25h[?2026l[?2026h[?25l[A[1Gpulling manifest [K
pulling 970aa74c0a90:  25% ▕████              ▏  69 MB/274 MB  4.9 MB/s     41s[K[?25h[?2026l[?2026h[?25l[A[1Gpulling manifest [K
pulling 970aa74c0a90:  26% ▕████              ▏  69 MB/274 MB  4.9 MB/s     41s[K[?25h[?2026l[?2026h[?25l[A[1Gpulling manifest [K
pulling 970aa74c0a90:  26% ▕████              ▏  70 MB/274 MB  4.9 MB/s     41s[K[?25h[?2026l[?2026h[?25l[A[1Gpulling manifest [K
pulling 970aa74c0a90:  26% ▕████              ▏  70 MB/274 MB  4.9 MB/s     41s[K[?25h[?2026l[?2026h[?25l[A[1Gpulling manifest [K
pulling 970aa74c0a90:  26% ▕████              ▏  70 MB/274 MB  4.9 MB/s     41s[K[?25h[?2026l[?2026h[?25l[A[1Gpulling manifest [K
pulling 970aa74c0a90:  26% ▕████              ▏  71 MB/274 MB  4.9 MB/s     41s[K[?25h[?2026l[?2026h[?25l[A[1Gpulling manifest [K
pulling 970aa74c0a90:  26% ▕████              ▏  71 MB/274 MB  4.9 MB/s     41s[K[?25h[?2026l[?2026h[?25l[A[1Gpulling manifest [K
pulling 970aa74c0a90:  26% ▕████              ▏  72 MB/274 MB  4.9 MB/s     41s[K[?25h[?2026l[?2026h[?25l[A[1Gpulling manifest [K
pulling 970aa74c0a90:  27% ▕████              ▏  73 MB/274 MB  4.9 MB/s     41s[K[?25h[?2026l[?2026h[?25l[A[1Gpulling manifest [K
pulling 970aa74c0a90:  27% ▕████              ▏  73 MB/274 MB  4.9 MB/s     41s[K[?25h[?2026l[?2026h[?25l[A[1Gpulling manifest [K
pulling 970aa74c0a90:  27% ▕████              ▏  73 MB/274 MB  4.9 MB/s     41s[K[?25h[?2026l[?2026h[?25l[A[1Gpulling manifest [K
pulling 970aa74c0a90:  27% ▕████              ▏  74 MB/274 MB  4.9 MB/s     41s[K[?25h[?2026l[?2026h[?25l[A[1Gpulling manifest [K
pulling 970aa74c0a90:  27% ▕████              ▏  74 MB/274 MB  4.9 MB/s     40s[K[?25h[?2026l[?2026h[?25l[A[1Gpulling manifest [K
pulling 970aa74c0a90:  27% ▕████              ▏  75 MB/274 MB  4.9 MB/s     40s[K[?25h[?2026l[?2026h[?25l[A[1Gpulling manifest [K
pulling 970aa74c0a90:  28% ▕████              ▏  75 MB/274 MB  4.9 MB/s     40s[K[?25h[?2026l[?2026h[?25l[A[1Gpulling manifest [K
pulling 970aa74c0a90:  28% ▕█████             ▏  76 MB/274 MB  4.9 MB/s     40s[K[?25h[?2026l[?2026h[?25l[A[1Gpulling manifest [K
pulling 970aa74c0a90:  28% ▕█████             ▏  76 MB/274 MB  4.9 MB/s     40s[K[?25h[?2026l[?2026h[?25l[A[1Gpulling manifest [K
pulling 970aa74c0a90:  28% ▕█████             ▏  77 MB/274 MB  4.9 MB/s     40s[K[?25h[?2026l[?2026h[?25l[A[1Gpulling manifest [K
pulling 970aa74c0a90:  28% ▕█████             ▏  77 MB/274 MB  4.9 MB/s     39s[K[?25h[?2026l[?2026h[?25l[A[1Gpulling manifest [K
pulling 970aa74c0a90:  29% ▕█████             ▏  78 MB/274 MB  4.9 MB/s     39s[K[?25h[?2026l[?2026h[?25l[A[1Gpulling manifest [K
pulling 970aa74c0a90:  29% ▕█████             ▏  79 MB/274 MB  4.9 MB/s     39s[K[?25h[?2026l[?2026h[?25l[A[1Gpulling manifest [K
pulling 970aa74c0a90:  29% ▕█████             ▏  79 MB/274 MB  4.9 MB/s     39s[K[?25h[?2026l[?2026h[?25l[A[1Gpulling manifest [K
pulling 970aa74c0a90:  29% ▕█████             ▏  80 MB/274 MB  4.9 MB/s     39s[K[?25h[?2026l[?2026h[?25l[A[1Gpulling manifest [K
pulling 970aa74c0a90:  29% ▕█████             ▏  80 MB/274 MB  4.9 MB/s     39s[K[?25h[?2026l[?2026h[?25l[A[1Gpulling manifest [K
pulling 970aa74c0a90:  30% ▕█████             ▏  80 MB/274 MB  4.9 MB/s     39s[K[?25h[?2026l[?2026h[?25l[A[1Gpulling manifest [K
pulling 970aa74c0a90:  30% ▕█████             ▏  81 MB/274 MB  4.9 MB/s     39s[K[?25h[?2026l[?2026h[?25l[A[1Gpulling manifest [K
pulling 970aa74c0a90:  30% ▕█████             ▏  81 MB/274 MB  4.9 MB/s     39s[K[?25h[?2026l[?2026h[?25l[A[1Gpulling manifest [K
pulling 970aa74c0a90:  30% ▕█████             ▏  82 MB/274 MB  5.0 MB/s     38s[K[?25h[?2026l[?2026h[?25l[A[1Gpulling manifest [K
pulling 970aa74c0a90:  30% ▕█████             ▏  82 MB/274 MB  5.0 MB/s     38s[K[?25h[?2026l[?2026h[?25l[A[1Gpulling manifest [K
pulling 970aa74c0a90:  31% ▕█████             ▏  83 MB/274 MB  5.0 MB/s     38s[K[?25h[?2026l[?2026h[?25l[A[1Gpulling manifest [K
pulling 970aa74c0a90:  31% ▕█████             ▏  84 MB/274 MB  5.0 MB/s     38s[K[?25h[?2026l[?2026h[?25l[A[1Gpulling manifest [K
pulling 970aa74c0a90:  31% ▕█████             ▏  84 MB/274 MB  5.0 MB/s     38s[K[?25h[?2026l[?2026h[?25l[A[1Gpulling manifest [K
pulling 970aa74c0a90:  31% ▕█████             ▏  85 MB/274 MB  5.0 MB/s     37s[K[?25h[?2026l[?2026h[?25l[A[1Gpulling manifest [K
pulling 970aa74c0a90:  31% ▕█████             ▏  85 MB/274 MB  5.0 MB/s     37s[K[?25h[?2026l[?2026h[?25l[A[1Gpulling manifest [K
pulling 970aa74c0a90:  31% ▕█████             ▏  86 MB/274 MB  5.0 MB/s     37s[K[?25h[?2026l[?2026h[?25l[A[1Gpulling manifest [K
pulling 970aa74c0a90:  32% ▕█████             ▏  87 MB/274 MB  5.0 MB/s     37s[K[?25h[?2026l[?2026h[?25l[A[1Gpulling manifest [K
pulling 970aa74c0a90:  32% ▕█████             ▏  87 MB/274 MB  5.0 MB/s     37s[K[?25h[?2026l[?2026h[?25l[A[1Gpulling manifest [K
pulling 970aa74c0a90:  32% ▕█████             ▏  87 MB/274 MB  5.0 MB/s     37s[K[?25h[?2026l[?2026h[?25l[A[1Gpulling manifest [K
pulling 970aa74c0a90:  32% ▕█████             ▏  88 MB/274 MB  5.0 MB/s     36s[K[?25h[?2026l[?2026h[?25l[A[1Gpulling manifest [K
pulling 970aa74c0a90:  32% ▕█████             ▏  88 MB/274 MB  5.0 MB/s     36s[K[?25h[?2026l[?2026h[?25l[A[1Gpulling manifest [K
pulling 970aa74c0a90:  33% ▕█████             ▏  89 MB/274 MB  5.0 MB/s     36s[K[?25h[?2026l[?2026h[?25l[A[1Gpulling manifest [K
pulling 970aa74c0a90:  33% ▕█████             ▏  90 MB/274 MB  5.0 MB/s     36s[K[?25h[?2026l[?2026h[?25l[A[1Gpulling manifest [K
pulling 970aa74c0a90:  33% ▕█████             ▏  90 MB/274 MB  5.0 MB/s     36s[K[?25h[?2026l[?2026h[?25l[A[1Gpulling manifest [K
pulling 970aa74c0a90:  33% ▕█████             ▏  90 MB/274 MB  5.0 MB/s     36s[K[?25h[?2026l[?2026h[?25l[A[1Gpulling manifest [K
pulling 970aa74c0a90:  34% ▕██████            ▏  91 MB/274 MB  5.0 MB/s     36s[K[?25h[?2026l[?2026h[?25l[A[1Gpulling manifest [K
pulling 970aa74c0a90:  34% ▕██████            ▏  92 MB/274 MB  5.0 MB/s     36s[K[?25h[?2026l[?2026h[?25l[A[1Gpulling manifest [K
pulling 970aa74c0a90:  34% ▕██████            ▏  92 MB/274 MB  5.0 MB/s     36s[K[?25h[?2026l[?2026h[?25l[A[1Gpulling manifest [K
pulling 970aa74c0a90:  34% ▕██████            ▏  93 MB/274 MB  5.2 MB/s     35s[K[?25h[?2026l[?2026h[?25l[A[1Gpulling manifest [K
pulling 970aa74c0a90:  34% ▕██████            ▏  93 MB/274 MB  5.2 MB/s     34s[K[?25h[?2026l[?2026h[?25l[A[1Gpulling manifest [K
pulling 970aa74c0a90:  34% ▕██████            ▏  94 MB/274 MB  5.2 MB/s     34s[K[?25h[?2026l[?2026h[?25l[A[1Gpulling manifest [K
pulling 970aa74c0a90:  35% ▕██████            ▏  95 MB/274 MB  5.2 MB/s     34s[K[?25h[?2026l[?2026h[?25l[A[1Gpulling manifest [K
pulling 970aa74c0a90:  35% ▕██████            ▏  95 MB/274 MB  5.2 MB/s     34s[K[?25h[?2026l[?2026h[?25l[A[1Gpulling manifest [K
pulling 970aa74c0a90:  35% ▕██████            ▏  96 MB/274 MB  5.2 MB/s     34s[K[?25h[?2026l[?2026h[?25l[A[1Gpulling manifest [K
pulling 970aa74c0a90:  35% ▕██████            ▏  96 MB/274 MB  5.2 MB/s     34s[K[?25h[?2026l[?2026h[?25l[A[1Gpulling manifest [K
pulling 970aa74c0a90:  35% ▕██████            ▏  97 MB/274 MB  5.2 MB/s     34s[K[?25h[?2026l[?2026h[?25l[A[1Gpulling manifest [K
pulling 970aa74c0a90:  36% ▕██████            ▏  97 MB/274 MB  5.2 MB/s     34s[K[?25h[?2026l[?2026h[?25l[A[1Gpulling manifest [K
pulling 970aa74c0a90:  36% ▕██████            ▏  98 MB/274 MB  5.2 MB/s     34s[K[?25h[?2026l[?2026h[?25l[A[1Gpulling manifest [K
pulling 970aa74c0a90:  36% ▕██████            ▏  98 MB/274 MB  5.2 MB/s     34s[K[?25h[?2026l[?2026h[?25l[A[1Gpulling manifest [K
pulling 970aa74c0a90:  36% ▕██████            ▏  99 MB/274 MB  5.2 MB/s     33s[K[?25h[?2026l[?2026h[?25l[A[1Gpulling manifest [K
pulling 970aa74c0a90:  37% ▕██████            ▏ 100 MB/274 MB  5.2 MB/s     33s[K[?25h[?2026l[?2026h[?25l[A[1Gpulling manifest [K
pulling 970aa74c0a90:  37% ▕██████            ▏ 100 MB/274 MB  5.2 MB/s     33s[K[?25h[?2026l[?2026h[?25l[A[1Gpulling manifest [K
pulling 970aa74c0a90:  37% ▕██████            ▏ 100 MB/274 MB  5.2 MB/s     33s[K[?25h[?2026l[?2026h[?25l[A[1Gpulling manifest [K
pulling 970aa74c0a90:  37% ▕██████            ▏ 101 MB/274 MB  5.2 MB/s     33s[K[?25h[?2026l[?2026h[?25l[A[1Gpulling manifest [K
pulling 970aa74c0a90:  37% ▕██████            ▏ 101 MB/274 MB  5.2 MB/s     33s[K[?25h[?2026l[?2026h[?25l[A[1Gpulling manifest [K
pulling 970aa74c0a90:  37% ▕██████            ▏ 102 MB/274 MB  5.2 MB/s     32s[K[?25h[?2026l[?2026h[?25l[A[1Gpulling manifest [K
pulling 970aa74c0a90:  38% ▕██████            ▏ 103 MB/274 MB  5.2 MB/s     32s[K[?25h[?2026l[?2026h[?25l[A[1Gpulling manifest [K
pulling 970aa74c0a90:  38% ▕██████            ▏ 103 MB/274 MB  5.2 MB/s     32s[K[?25h[?2026l[?2026h[?25l[A[1Gpulling manifest [K
pulling 970aa74c0a90:  38% ▕██████            ▏ 103 MB/274 MB  5.2 MB/s     32s[K[?25h[?2026l[?2026h[?25l[A[1Gpulling manifest [K
pulling 970aa74c0a90:  38% ▕██████            ▏ 104 MB/274 MB  5.1 MB/s     33s[K[?25h[?2026l[?2026h[?25l[A[1Gpulling manifest [K
pulling 970aa74c0a90:  38% ▕██████            ▏ 104 MB/274 MB  5.1 MB/s     32s[K[?25h[?2026l[?2026h[?25l[A[1Gpulling manifest [K
pulling 970aa74c0a90:  38% ▕██████            ▏ 105 MB/274 MB  5.1 MB/s     32s[K[?25h[?2026l[?2026h[?25l[A[1Gpulling manifest [K
pulling 970aa74c0a90:  38% ▕██████            ▏ 105 MB/274 MB  5.1 MB/s     32s[K[?25h[?2026l[?2026h[?25l[A[1Gpulling manifest [K
pulling 970aa74c0a90:  39% ▕██████            ▏ 105 MB/274 MB  5.1 MB/s     32s[K[?25h[?2026l[?2026h[?25l[A[1Gpulling manifest [K
pulling 970aa74c0a90:  39% ▕██████            ▏ 106 MB/274 MB  5.1 MB/s     32s[K[?25h[?2026l[?2026h[?25l[A[1Gpulling manifest [K
pulling 970aa74c0a90:  39% ▕███████           ▏ 106 MB/274 MB  5.1 MB/s     32s[K[?25h[?2026l[?2026h[?25l[A[1Gpulling manifest [K
pulling 970aa74c0a90:  39% ▕███████           ▏ 107 MB/274 MB  5.1 MB/s     32s[K[?25h[?2026l[?2026h[?25l[A[1Gpulling manifest [K
pulling 970aa74c0a90:  39% ▕███████           ▏ 107 MB/274 MB  5.1 MB/s     32s[K[?25h[?2026l[?2026h[?25l[A[1Gpulling manifest [K
pulling 970aa74c0a90:  39% ▕███████           ▏ 108 MB/274 MB  5.1 MB/s     32s[K[?25h[?2026l[?2026h[?25l[A[1Gpulling manifest [K
pulling 970aa74c0a90:  40% ▕███████           ▏ 108 MB/274 MB  5.1 MB/s     32s[K[?25h[?2026l[?2026h[?25l[A[1Gpulling manifest [K
pulling 970aa74c0a90:  40% ▕███████           ▏ 109 MB/274 MB  5.1 MB/s     32s[K[?25h[?2026l[?2026h[?25l[A[1Gpulling manifest [K
pulling 970aa74c0a90:  40% ▕███████           ▏ 109 MB/274 MB  5.1 MB/s     32s[K[?25h[?2026l[?2026h[?25l[A[1Gpulling manifest [K
pulling 970aa74c0a90:  40% ▕███████           ▏ 110 MB/274 MB  5.1 MB/s     32s[K[?25h[?2026l[?2026h[?25l[A[1Gpulling manifest [K
pulling 970aa74c0a90:  40% ▕███████           ▏ 110 MB/274 MB  5.1 MB/s     31s[K[?25h[?2026l[?2026h[?25l[A[1Gpulling manifest [K
pulling 970aa74c0a90:  41% ▕███████           ▏ 111 MB/274 MB  5.1 MB/s     31s[K[?25h[?2026l[?2026h[?25l[A[1Gpulling manifest [K
pulling 970aa74c0a90:  41% ▕███████           ▏ 111 MB/274 MB  5.1 MB/s     31s[K[?25h[?2026l[?2026h[?25l[A[1Gpulling manifest [K
pulling 970aa74c0a90:  41% ▕███████           ▏ 112 MB/274 MB  5.1 MB/s     31s[K[?25h[?2026l[?2026h[?25l[A[1Gpulling manifest [K
pulling 970aa74c0a90:  41% ▕███████           ▏ 112 MB/274 MB  5.1 MB/s     31s[K[?25h[?2026l[?2026h[?25l[A[1Gpulling manifest [K
pulling 970aa74c0a90:  41% ▕███████           ▏ 113 MB/274 MB  5.1 MB/s     31s[K[?25h[?2026l[?2026h[?25l[A[1Gpulling manifest [K
pulling 970aa74c0a90:  41% ▕███████           ▏ 113 MB/274 MB  5.1 MB/s     31s[K[?25h[?2026l[?2026h[?25l[A[1Gpulling manifest [K
pulling 970aa74c0a90:  42% ▕███████           ▏ 114 MB/274 MB  5.1 MB/s     31s[K[?25h[?2026l[?2026h[?25l[A[1Gpulling manifest [K
pulling 970aa74c0a90:  42% ▕███████           ▏ 114 MB/274 MB  5.1 MB/s     31s[K[?25h[?2026l[?2026h[?25l[A[1Gpulling manifest [K
pulling 970aa74c0a90:  42% ▕███████           ▏ 115 MB/274 MB  5.1 MB/s     31s[K[?25h[?2026l[?2026h[?25l[A[1Gpulling manifest [K
pulling 970aa74c0a90:  42% ▕███████           ▏ 115 MB/274 MB  5.1 MB/s     30s[K[?25h[?2026l[?2026h[?25l[A[1Gpulling manifest [K
pulling 970aa74c0a90:  42% ▕███████           ▏ 116 MB/274 MB  5.1 MB/s     30s[K[?25h[?2026l[?2026h[?25l[A[1Gpulling manifest [K
pulling 970aa74c0a90:  43% ▕███████           ▏ 116 MB/274 MB  5.1 MB/s     30s[K[?25h[?2026l[?2026h[?25l[A[1Gpulling manifest [K
pulling 970aa74c0a90:  43% ▕███████           ▏ 117 MB/274 MB  5.1 MB/s     30s[K[?25h[?2026l[?2026h[?25l[A[1Gpulling manifest [K
pulling 970aa74c0a90:  43% ▕███████           ▏ 117 MB/274 MB  5.1 MB/s     30s[K[?25h[?2026l[?2026h[?25l[A[1Gpulling manifest [K
pulling 970aa74c0a90:  43% ▕███████           ▏ 118 MB/274 MB  5.1 MB/s     30s[K[?25h[?2026l[?2026h[?25l[A[1Gpulling manifest [K
pulling 970aa74c0a90:  43% ▕███████           ▏ 119 MB/274 MB  5.2 MB/s     29s[K[?25h[?2026l[?2026h[?25l[A[1Gpulling manifest [K
pulling 970aa74c0a90:  43% ▕███████           ▏ 119 MB/274 MB  5.2 MB/s     29s[K[?25h[?2026l[?2026h[?25l[A[1Gpulling manifest [K
pulling 970aa74c0a90:  44% ▕███████           ▏ 119 MB/274 MB  5.2 MB/s     29s[K[?25h[?2026l[?2026h[?25l[A[1Gpulling manifest [K
pulling 970aa74c0a90:  44% ▕███████           ▏ 120 MB/274 MB  5.2 MB/s     29s[K[?25h[?2026l[?2026h[?25l[A[1Gpulling manifest [K
pulling 970aa74c0a90:  44% ▕███████           ▏ 120 MB/274 MB  5.2 MB/s     29s[K[?25h[?2026l[?2026h[?25l[A[1Gpulling manifest [K
pulling 970aa74c0a90:  44% ▕███████           ▏ 121 MB/274 MB  5.2 MB/s     29s[K[?25h[?2026l[?2026h[?25l[A[1Gpulling manifest [K
pulling 970aa74c0a90:  45% ▕████████          ▏ 122 MB/274 MB  5.2 MB/s     28s[K[?25h[?2026l[?2026h[?25l[A[1Gpulling manifest [K
pulling 970aa74c0a90:  45% ▕████████          ▏ 122 MB/274 MB  5.2 MB/s     28s[K[?25h[?2026l[?2026h[?25l[A[1Gpulling manifest [K
pulling 970aa74c0a90:  45% ▕████████          ▏ 123 MB/274 MB  5.2 MB/s     28s[K[?25h[?2026l[?2026h[?25l[A[1Gpulling manifest [K
pulling 970aa74c0a90:  45% ▕████████          ▏ 123 MB/274 MB  5.2 MB/s     28s[K[?25h[?2026l[?2026h[?25l[A[1Gpulling manifest [K
pulling 970aa74c0a90:  45% ▕████████          ▏ 123 MB/274 MB  5.2 MB/s     28s[K[?25h[?2026l[?2026h[?25l[A[1Gpulling manifest [K
pulling 970aa74c0a90:  45% ▕████████          ▏ 124 MB/274 MB  5.2 MB/s     28s[K[?25h[?2026l[?2026h[?25l[A[1Gpulling manifest [K
pulling 970aa74c0a90:  46% ▕████████          ▏ 125 MB/274 MB  5.2 MB/s     28s[K[?25h[?2026l[?2026h[?25l[A[1Gpulling manifest [K
pulling 970aa74c0a90:  46% ▕████████          ▏ 125 MB/274 MB  5.2 MB/s     28s[K[?25h[?2026l[?2026h[?25l[A[1Gpulling manifest [K
pulling 970aa74c0a90:  46% ▕████████          ▏ 126 MB/274 MB  5.2 MB/s     28s[K[?25h[?2026l[?2026h[?25l[A[1Gpulling manifest [K
pulling 970aa74c0a90:  46% ▕████████          ▏ 126 MB/274 MB  5.2 MB/s     28s[K[?25h[?2026l[?2026h[?25l[A[1Gpulling manifest [K
pulling 970aa74c0a90:  46% ▕████████          ▏ 127 MB/274 MB  5.2 MB/s     28s[K[?25h[?2026l[?2026h[?25l[A[1Gpulling manifest [K
pulling 970aa74c0a90:  47% ▕████████          ▏ 127 MB/274 MB  5.2 MB/s     27s[K[?25h[?2026l[?2026h[?25l[A[1Gpulling manifest [K
pulling 970aa74c0a90:  47% ▕████████          ▏ 128 MB/274 MB  5.2 MB/s     27s[K[?25h[?2026l[?2026h[?25l[A[1Gpulling manifest [K
pulling 970aa74c0a90:  47% ▕████████          ▏ 128 MB/274 MB  5.2 MB/s     27s[K[?25h[?2026l[?2026h[?25l[A[1Gpulling manifest [K
pulling 970aa74c0a90:  47% ▕████████          ▏ 129 MB/274 MB  5.2 MB/s     27s[K[?25h[?2026l[?2026h[?25l[A[1Gpulling manifest [K
pulling 970aa74c0a90:  47% ▕████████          ▏ 130 MB/274 MB  5.3 MB/s     27s[K[?25h[?2026l[?2026h[?25l[A[1Gpulling manifest [K
pulling 970aa74c0a90:  48% ▕████████          ▏ 130 MB/274 MB  5.3 MB/s     27s[K[?25h[?2026l[?2026h[?25l[A[1Gpulling manifest [K
pulling 970aa74c0a90:  48% ▕████████          ▏ 131 MB/274 MB  5.3 MB/s     27s[K[?25h[?2026l[?2026h[?25l[A[1Gpulling manifest [K
pulling 970aa74c0a90:  48% ▕████████          ▏ 131 MB/274 MB  5.3 MB/s     26s[K[?25h[?2026l[?2026h[?25l[A[1Gpulling manifest [K
pulling 970aa74c0a90:  48% ▕████████          ▏ 132 MB/274 MB  5.3 MB/s     26s[K[?25h[?2026l[?2026h[?25l[A[1Gpulling manifest [K
pulling 970aa74c0a90:  48% ▕████████          ▏ 132 MB/274 MB  5.3 MB/s     26s[K[?25h[?2026l[?2026h[?25l[A[1Gpulling manifest [K
pulling 970aa74c0a90:  49% ▕████████          ▏ 133 MB/274 MB  5.3 MB/s     26s[K[?25h[?2026l[?2026h[?25l[A[1Gpulling manifest [K
pulling 970aa74c0a90:  49% ▕████████          ▏ 133 MB/274 MB  5.3 MB/s     26s[K[?25h[?2026l[?2026h[?25l[A[1Gpulling manifest [K
pulling 970aa74c0a90:  49% ▕████████          ▏ 134 MB/274 MB  5.3 MB/s     26s[K[?25h[?2026l[?2026h[?25l[A[1Gpulling manifest [K
pulling 970aa74c0a90:  49% ▕████████          ▏ 135 MB/274 MB  5.3 MB/s     26s[K[?25h[?2026l[?2026h[?25l[A[1Gpulling manifest [K
pulling 970aa74c0a90:  49% ▕████████          ▏ 135 MB/274 MB  5.3 MB/s     26s[K[?25h[?2026l[?2026h[?25l[A[1Gpulling manifest [K
pulling 970aa74c0a90:  50% ▕████████          ▏ 135 MB/274 MB  5.3 MB/s     26s[K[?25h[?2026l[?2026h[?25l[A[1Gpulling manifest [K
pulling 970aa74c0a90:  50% ▕████████          ▏ 136 MB/274 MB  5.3 MB/s     26s[K[?25h[?2026l[?2026h[?25l[A[1Gpulling manifest [K
pulling 970aa74c0a90:  50% ▕████████          ▏ 136 MB/274 MB  5.3 MB/s     26s[K[?25h[?2026l[?2026h[?25l[A[1Gpulling manifest [K
pulling 970aa74c0a90:  50% ▕█████████         ▏ 137 MB/274 MB  5.3 MB/s     25s[K[?25h[?2026l[?2026h[?25l[A[1Gpulling manifest [K
pulling 970aa74c0a90:  50% ▕█████████         ▏ 137 MB/274 MB  5.3 MB/s     25s[K[?25h[?2026l[?2026h[?25l[A[1Gpulling manifest [K
pulling 970aa74c0a90:  50% ▕█████████         ▏ 138 MB/274 MB  5.3 MB/s     25s[K[?25h[?2026l[?2026h[?25l[A[1Gpulling manifest [K
pulling 970aa74c0a90:  51% ▕█████████         ▏ 138 MB/274 MB  5.3 MB/s     25s[K[?25h[?2026l[?2026h[?25l[A[1Gpulling manifest [K
pulling 970aa74c0a90:  51% ▕█████████         ▏ 139 MB/274 MB  5.3 MB/s     25s[K[?25h[?2026l[?2026h[?25l[A[1Gpulling manifest [K
pulling 970aa74c0a90:  51% ▕█████████         ▏ 139 MB/274 MB  5.3 MB/s     25s[K[?25h[?2026l[?2026h[?25l[A[1Gpulling manifest [K
pulling 970aa74c0a90:  51% ▕█████████         ▏ 140 MB/274 MB  5.2 MB/s     25s[K[?25h[?2026l[?2026h[?25l[A[1Gpulling manifest [K
pulling 970aa74c0a90:  51% ▕█████████         ▏ 141 MB/274 MB  5.2 MB/s     25s[K[?25h[?2026l[?2026h[?25l[A[1Gpulling manifest [K
pulling 970aa74c0a90:  52% ▕█████████         ▏ 141 MB/274 MB  5.2 MB/s     25s[K[?25h[?2026l[?2026h[?25l[A[1Gpulling manifest [K
pulling 970aa74c0a90:  52% ▕█████████         ▏ 141 MB/274 MB  5.2 MB/s     25s[K[?25h[?2026l[?2026h[?25l[A[1Gpulling manifest [K
pulling 970aa74c0a90:  52% ▕█████████         ▏ 142 MB/274 MB  5.2 MB/s     25s[K[?25h[?2026l[?2026h[?25l[A[1Gpulling manifest [K
pulling 970aa74c0a90:  52% ▕█████████         ▏ 143 MB/274 MB  5.2 MB/s     25s[K[?25h[?2026l[?2026h[?25l[A[1Gpulling manifest [K
pulling 970aa74c0a90:  52% ▕█████████         ▏ 143 MB/274 MB  5.2 MB/s     24s[K[?25h[?2026l[?2026h[?25l[A[1Gpulling manifest [K
pulling 970aa74c0a90:  53% ▕█████████         ▏ 144 MB/274 MB  5.2 MB/s     24s[K[?25h[?2026l[?2026h[?25l[A[1Gpulling manifest [K
pulling 970aa74c0a90:  53% ▕█████████         ▏ 144 MB/274 MB  5.2 MB/s     24s[K[?25h[?2026l[?2026h[?25l[A[1Gpulling manifest [K
pulling 970aa74c0a90:  53% ▕█████████         ▏ 145 MB/274 MB  5.2 MB/s     24s[K[?25h[?2026l[?2026h[?25l[A[1Gpulling manifest [K
pulling 970aa74c0a90:  53% ▕█████████         ▏ 145 MB/274 MB  5.2 MB/s     24s[K[?25h[?2026l[?2026h[?25l[A[1Gpulling manifest [K
pulling 970aa74c0a90:  53% ▕█████████         ▏ 146 MB/274 MB  5.2 MB/s     24s[K[?25h[?2026l[?2026h[?25l[A[1Gpulling manifest [K
pulling 970aa74c0a90:  54% ▕█████████         ▏ 147 MB/274 MB  5.2 MB/s     24s[K[?25h[?2026l[?2026h[?25l[A[1Gpulling manifest [K
pulling 970aa74c0a90:  54% ▕█████████         ▏ 147 MB/274 MB  5.2 MB/s     24s[K[?25h[?2026l[?2026h[?25l[A[1Gpulling manifest [K
pulling 970aa74c0a90:  54% ▕█████████         ▏ 147 MB/274 MB  5.2 MB/s     24s[K[?25h[?2026l[?2026h[?25l[A[1Gpulling manifest [K
pulling 970aa74c0a90:  54% ▕█████████         ▏ 148 MB/274 MB  5.2 MB/s     24s[K[?25h[?2026l[?2026h[?25l[A[1Gpulling manifest [K
pulling 970aa74c0a90:  54% ▕█████████         ▏ 149 MB/274 MB  5.2 MB/s     24s[K[?25h[?2026l[?2026h[?25l[A[1Gpulling manifest [K
pulling 970aa74c0a90:  54% ▕█████████         ▏ 149 MB/274 MB  5.2 MB/s     24s[K[?25h[?2026l[?2026h[?25l[A[1Gpulling manifest [K
pulling 970aa74c0a90:  55% ▕█████████         ▏ 150 MB/274 MB  5.2 MB/s     23s[K[?25h[?2026l[?2026h[?25l[A[1Gpulling manifest [K
pulling 970aa74c0a90:  55% ▕█████████         ▏ 150 MB/274 MB  5.2 MB/s     23s[K[?25h[?2026l[?2026h[?25l[A[1Gpulling manifest [K
pulling 970aa74c0a90:  55% ▕█████████         ▏ 150 MB/274 MB  5.2 MB/s     23s[K[?25h[?2026l[?2026h[?25l[A[1Gpulling manifest [K
pulling 970aa74c0a90:  55% ▕█████████         ▏ 151 MB/274 MB  5.3 MB/s     23s[K[?25h[?2026l[?2026h[?25l[A[1Gpulling manifest [K
pulling 970aa74c0a90:  56% ▕█████████         ▏ 152 MB/274 MB  5.3 MB/s     23s[K[?25h[?2026l[?2026h[?25l[A[1Gpulling manifest [K
pulling 970aa74c0a90:  56% ▕██████████        ▏ 152 MB/274 MB  5.3 MB/s     23s[K[?25h[?2026l[?2026h[?25l[A[1Gpulling manifest [K
pulling 970aa74c0a90:  56% ▕██████████        ▏ 153 MB/274 MB  5.3 MB/s     22s[K[?25h[?2026l[?2026h[?25l[A[1Gpulling manifest [K
pulling 970aa74c0a90:  56% ▕██████████        ▏ 153 MB/274 MB  5.3 MB/s     22s[K[?25h[?2026l[?2026h[?25l[A[1Gpulling manifest [K
pulling 970aa74c0a90:  56% ▕██████████        ▏ 153 MB/274 MB  5.3 MB/s     22s[K[?25h[?2026l[?2026h[?25l[A[1Gpulling manifest [K
pulling 970aa74c0a90:  56% ▕██████████        ▏ 154 MB/274 MB  5.3 MB/s     22s[K[?25h[?2026l[?2026h[?25l[A[1Gpulling manifest [K
pulling 970aa74c0a90:  57% ▕██████████        ▏ 155 MB/274 MB  5.3 MB/s     22s[K[?25h[?2026l[?2026h[?25l[A[1Gpulling manifest [K
pulling 970aa74c0a90:  57% ▕██████████        ▏ 155 MB/274 MB  5.3 MB/s     22s[K[?25h[?2026l[?2026h[?25l[A[1Gpulling manifest [K
pulling 970aa74c0a90:  57% ▕██████████        ▏ 155 MB/274 MB  5.3 MB/s     22s[K[?25h[?2026l[?2026h[?25l[A[1Gpulling manifest [K
pulling 970aa74c0a90:  57% ▕██████████        ▏ 156 MB/274 MB  5.3 MB/s     22s[K[?25h[?2026l[?2026h[?25l[A[1Gpulling manifest [K
pulling 970aa74c0a90:  57% ▕██████████        ▏ 156 MB/274 MB  5.3 MB/s     22s[K[?25h[?2026l[?2026h[?25l[A[1Gpulling manifest [K
pulling 970aa74c0a90:  57% ▕██████████        ▏ 157 MB/274 MB  5.3 MB/s     22s[K[?25h[?2026l[?2026h[?25l[A[1Gpulling manifest [K
pulling 970aa74c0a90:  58% ▕██████████        ▏ 157 MB/274 MB  5.3 MB/s     22s[K[?25h[?2026l[?2026h[?25l[A[1Gpulling manifest [K
pulling 970aa74c0a90:  58% ▕██████████        ▏ 158 MB/274 MB  5.3 MB/s     22s[K[?25h[?2026l[?2026h[?25l[A[1Gpulling manifest [K
pulling 970aa74c0a90:  58% ▕██████████        ▏ 158 MB/274 MB  5.3 MB/s     21s[K[?25h[?2026l[?2026h[?25l[A[1Gpulling manifest [K
pulling 970aa74c0a90:  58% ▕██████████        ▏ 159 MB/274 MB  5.3 MB/s     21s[K[?25h[?2026l[?2026h[?25l[A[1Gpulling manifest [K
pulling 970aa74c0a90:  58% ▕██████████        ▏ 159 MB/274 MB  5.3 MB/s     21s[K[?25h[?2026l[?2026h[?25l[A[1Gpulling manifest [K
pulling 970aa74c0a90:  58% ▕██████████        ▏ 159 MB/274 MB  5.3 MB/s     21s[K[?25h[?2026l[?2026h[?25l[A[1Gpulling manifest [K
pulling 970aa74c0a90:  58% ▕██████████        ▏ 160 MB/274 MB  5.3 MB/s     21s[K[?25h[?2026l[?2026h[?25l[A[1Gpulling manifest [K
pulling 970aa74c0a90:  58% ▕██████████        ▏ 160 MB/274 MB  5.2 MB/s     22s[K[?25h[?2026l[?2026h[?25l[A[1Gpulling manifest [K
pulling 970aa74c0a90:  59% ▕██████████        ▏ 161 MB/274 MB  5.2 MB/s     21s[K[?25h[?2026l[?2026h[?25l[A[1Gpulling manifest [K
pulling 970aa74c0a90:  59% ▕██████████        ▏ 161 MB/274 MB  5.2 MB/s     21s[K[?25h[?2026l[?2026h[?25l[A[1Gpulling manifest [K
pulling 970aa74c0a90:  59% ▕██████████        ▏ 161 MB/274 MB  5.2 MB/s     21s[K[?25h[?2026l[?2026h[?25l[A[1Gpulling manifest [K
pulling 970aa74c0a90:  59% ▕██████████        ▏ 162 MB/274 MB  5.2 MB/s     21s[K[?25h[?2026l[?2026h[?25l[A[1Gpulling manifest [K
pulling 970aa74c0a90:  59% ▕██████████        ▏ 162 MB/274 MB  5.2 MB/s     21s[K[?25h[?2026l[?2026h[?25l[A[1Gpulling manifest [K
pulling 970aa74c0a90:  59% ▕██████████        ▏ 162 MB/274 MB  5.2 MB/s     21s[K[?25h[?2026l[?2026h[?25l[A[1Gpulling manifest [K
pulling 970aa74c0a90:  59% ▕██████████        ▏ 162 MB/274 MB  5.2 MB/s     21s[K[?25h[?2026l[?2026h[?25l[A[1Gpulling manifest [K
pulling 970aa74c0a90:  59% ▕██████████        ▏ 163 MB/274 MB  5.2 MB/s     21s[K[?25h[?2026l[?2026h[?25l[A[1Gpulling manifest [K
pulling 970aa74c0a90:  60% ▕██████████        ▏ 163 MB/274 MB  5.2 MB/s     21s[K[?25h[?2026l[?2026h[?25l[A[1Gpulling manifest [K
pulling 970aa74c0a90:  60% ▕██████████        ▏ 163 MB/274 MB  5.0 MB/s     22s[K[?25h[?2026l[?2026h[?25l[A[1Gpulling manifest [K
pulling 970aa74c0a90:  60% ▕██████████        ▏ 164 MB/274 MB  5.0 MB/s     22s[K[?25h[?2026l[?2026h[?25l[A[1Gpulling manifest [K
pulling 970aa74c0a90:  60% ▕██████████        ▏ 164 MB/274 MB  5.0 MB/s     22s[K[?25h[?2026l[?2026h[?25l[A[1Gpulling manifest [K
pulling 970aa74c0a90:  60% ▕██████████        ▏ 164 MB/274 MB  5.0 MB/s     22s[K[?25h[?2026l[?2026h[?25l[A[1Gpulling manifest [K
pulling 970aa74c0a90:  60% ▕██████████        ▏ 165 MB/274 MB  5.0 MB/s     21s[K[?25h[?2026l[?2026h[?25l[A[1Gpulling manifest [K
pulling 970aa74c0a90:  60% ▕██████████        ▏ 165 MB/274 MB  5.0 MB/s     21s[K[?25h[?2026l[?2026h[?25l[A[1Gpulling manifest [K
pulling 970aa74c0a90:  61% ▕██████████        ▏ 166 MB/274 MB  5.0 MB/s     21s[K[?25h[?2026l[?2026h[?25l[A[1Gpulling manifest [K
pulling 970aa74c0a90:  61% ▕██████████        ▏ 166 MB/274 MB  5.0 MB/s     21s[K[?25h[?2026l[?2026h[?25l[A[1Gpulling manifest [K
pulling 970aa74c0a90:  61% ▕██████████        ▏ 166 MB/274 MB  5.0 MB/s     21s[K[?25h[?2026l[?2026h[?25l[A[1Gpulling manifest [K
pulling 970aa74c0a90:  61% ▕██████████        ▏ 166 MB/274 MB  5.0 MB/s     21s[K[?25h[?2026l[?2026h[?25l[A[1Gpulling manifest [K
pulling 970aa74c0a90:  61% ▕██████████        ▏ 167 MB/274 MB  4.8 MB/s     22s[K[?25h[?2026l[?2026h[?25l[A[1Gpulling manifest [K
pulling 970aa74c0a90:  61% ▕███████████       ▏ 167 MB/274 MB  4.8 MB/s     22s[K[?25h[?2026l[?2026h[?25l[A[1Gpulling manifest [K
pulling 970aa74c0a90:  61% ▕███████████       ▏ 168 MB/274 MB  4.8 MB/s     22s[K[?25h[?2026l[?2026h[?25l[A[1Gpulling manifest [K
pulling 970aa74c0a90:  61% ▕███████████       ▏ 168 MB/274 MB  4.8 MB/s     21s[K[?25h[?2026l[?2026h[?25l[A[1Gpulling manifest [K
pulling 970aa74c0a90:  62% ▕███████████       ▏ 168 MB/274 MB  4.8 MB/s     21s[K[?25h[?2026l[?2026h[?25l[A[1Gpulling manifest [K
pulling 970aa74c0a90:  62% ▕███████████       ▏ 169 MB/274 MB  4.8 MB/s     21s[K[?25h[?2026l[?2026h[?25l[A[1Gpulling manifest [K
pulling 970aa74c0a90:  62% ▕███████████       ▏ 169 MB/274 MB  4.8 MB/s     21s[K[?25h[?2026l[?2026h[?25l[A[1Gpulling manifest [K
pulling 970aa74c0a90:  62% ▕███████████       ▏ 169 MB/274 MB  4.8 MB/s     21s[K[?25h[?2026l[?2026h[?25l[A[1Gpulling manifest [K
pulling 970aa74c0a90:  62% ▕███████████       ▏ 170 MB/274 MB  4.8 MB/s     21s[K[?25h[?2026l[?2026h[?25l[A[1Gpulling manifest [K
pulling 970aa74c0a90:  62% ▕███████████       ▏ 170 MB/274 MB  4.8 MB/s     21s[K[?25h[?2026l[?2026h[?25l[A[1Gpulling manifest [K
pulling 970aa74c0a90:  62% ▕███████████       ▏ 171 MB/274 MB  4.8 MB/s     21s[K[?25h[?2026l[?2026h[?25l[A[1Gpulling manifest [K
pulling 970aa74c0a90:  62% ▕███████████       ▏ 171 MB/274 MB  4.6 MB/s     22s[K[?25h[?2026l[?2026h[?25l[A[1Gpulling manifest [K
pulling 970aa74c0a90:  63% ▕███████████       ▏ 172 MB/274 MB  4.6 MB/s     22s[K[?25h[?2026l[?2026h[?25l[A[1Gpulling manifest [K
pulling 970aa74c0a90:  63% ▕███████████       ▏ 172 MB/274 MB  4.6 MB/s     22s[K[?25h[?2026l[?2026h[?25l[A[1Gpulling manifest [K
pulling 970aa74c0a90:  63% ▕███████████       ▏ 172 MB/274 MB  4.6 MB/s     21s[K[?25h[?2026l[?2026h[?25l[A[1Gpulling manifest [K
pulling 970aa74c0a90:  63% ▕███████████       ▏ 172 MB/274 MB  4.6 MB/s     21s[K[?25h[?2026l[?2026h[?25l[A[1Gpulling manifest [K
pulling 970aa74c0a90:  63% ▕███████████       ▏ 173 MB/274 MB  4.6 MB/s     21s[K[?25h[?2026l[?2026h[?25l[A[1Gpulling manifest [K
pulling 970aa74c0a90:  63% ▕███████████       ▏ 173 MB/274 MB  4.6 MB/s     21s[K[?25h[?2026l[?2026h[?25l[A[1Gpulling manifest [K
pulling 970aa74c0a90:  64% ▕███████████       ▏ 174 MB/274 MB  4.6 MB/s     21s[K[?25h[?2026l[?2026h[?25l[A[1Gpulling manifest [K
pulling 970aa74c0a90:  64% ▕███████████       ▏ 174 MB/274 MB  4.6 MB/s     21s[K[?25h[?2026l[?2026h[?25l[A[1Gpulling manifest [K
pulling 970aa74c0a90:  64% ▕███████████       ▏ 174 MB/274 MB  4.6 MB/s     21s[K[?25h[?2026l[?2026h[?25l[A[1Gpulling manifest [K
pulling 970aa74c0a90:  64% ▕███████████       ▏ 175 MB/274 MB  4.4 MB/s     22s[K[?25h[?2026l[?2026h[?25l[A[1Gpulling manifest [K
pulling 970aa74c0a90:  64% ▕███████████       ▏ 175 MB/274 MB  4.4 MB/s     22s[K[?25h[?2026l[?2026h[?25l[A[1Gpulling manifest [K
pulling 970aa74c0a90:  64% ▕███████████       ▏ 175 MB/274 MB  4.4 MB/s     22s[K[?25h[?2026l[?2026h[?25l[A[1Gpulling manifest [K
pulling 970aa74c0a90:  64% ▕███████████       ▏ 176 MB/274 MB  4.4 MB/s     22s[K[?25h[?2026l[?2026h[?25l[A[1Gpulling manifest [K
pulling 970aa74c0a90:  64% ▕███████████       ▏ 176 MB/274 MB  4.4 MB/s     22s[K[?25h[?2026l[?2026h[?25l[A[1Gpulling manifest [K
pulling 970aa74c0a90:  65% ▕███████████       ▏ 177 MB/274 MB  4.4 MB/s     22s[K[?25h[?2026l[?2026h[?25l[A[1Gpulling manifest [K
pulling 970aa74c0a90:  65% ▕███████████       ▏ 177 MB/274 MB  4.4 MB/s     21s[K[?25h[?2026l[?2026h[?25l[A[1Gpulling manifest [K
pulling 970aa74c0a90:  65% ▕███████████       ▏ 177 MB/274 MB  4.4 MB/s     21s[K[?25h[?2026l[?2026h[?25l[A[1Gpulling manifest [K
pulling 970aa74c0a90:  65% ▕███████████       ▏ 178 MB/274 MB  4.4 MB/s     21s[K[?25h[?2026l[?2026h[?25l[A[1Gpulling manifest [K
pulling 970aa74c0a90:  65% ▕███████████       ▏ 178 MB/274 MB  4.4 MB/s     21s[K[?25h[?2026l[?2026h[?25l[A[1Gpulling manifest [K
pulling 970aa74c0a90:  65% ▕███████████       ▏ 178 MB/274 MB  4.3 MB/s     22s[K[?25h[?2026l[?2026h[?25l[A[1Gpulling manifest [K
pulling 970aa74c0a90:  65% ▕███████████       ▏ 179 MB/274 MB  4.3 MB/s     22s[K[?25h[?2026l[?2026h[?25l[A[1Gpulling manifest [K
pulling 970aa74c0a90:  66% ▕███████████       ▏ 179 MB/274 MB  4.3 MB/s     22s[K[?25h[?2026l[?2026h[?25l[A[1Gpulling manifest [K
pulling 970aa74c0a90:  66% ▕███████████       ▏ 180 MB/274 MB  4.3 MB/s     22s[K[?25h[?2026l[?2026h[?25l[A[1Gpulling manifest [K
pulling 970aa74c0a90:  66% ▕███████████       ▏ 180 MB/274 MB  4.3 MB/s     22s[K[?25h[?2026l[?2026h[?25l[A[1Gpulling manifest [K
pulling 970aa74c0a90:  66% ▕███████████       ▏ 181 MB/274 MB  4.3 MB/s     21s[K[?25h[?2026l[?2026h[?25l[A[1Gpulling manifest [K
pulling 970aa74c0a90:  66% ▕███████████       ▏ 181 MB/274 MB  4.3 MB/s     21s[K[?25h[?2026l[?2026h[?25l[A[1Gpulling manifest [K
pulling 970aa74c0a90:  66% ▕███████████       ▏ 181 MB/274 MB  4.3 MB/s     21s[K[?25h[?2026l[?2026h[?25l[A[1Gpulling manifest [K
pulling 970aa74c0a90:  66% ▕███████████       ▏ 182 MB/274 MB  4.3 MB/s     21s[K[?25h[?2026l[?2026h[?25l[A[1Gpulling manifest [K
pulling 970aa74c0a90:  67% ▕███████████       ▏ 182 MB/274 MB  4.3 MB/s     21s[K[?25h[?2026l[?2026h[?25l[A[1Gpulling manifest [K
pulling 970aa74c0a90:  67% ▕███████████       ▏ 182 MB/274 MB  4.1 MB/s     22s[K[?25h[?2026l[?2026h[?25l[A[1Gpulling manifest [K
pulling 970aa74c0a90:  67% ▕████████████      ▏ 183 MB/274 MB  4.1 MB/s     22s[K[?25h[?2026l[?2026h[?25l[A[1Gpulling manifest [K
pulling 970aa74c0a90:  67% ▕████████████      ▏ 183 MB/274 MB  4.1 MB/s     22s[K[?25h[?2026l[?2026h[?25l[A[1Gpulling manifest [K
pulling 970aa74c0a90:  67% ▕████████████      ▏ 184 MB/274 MB  4.1 MB/s     22s[K[?25h[?2026l[?2026h[?25l[A[1Gpulling manifest [K
pulling 970aa74c0a90:  67% ▕████████████      ▏ 184 MB/274 MB  4.1 MB/s     21s[K[?25h[?2026l[?2026h[?25l[A[1Gpulling manifest [K
pulling 970aa74c0a90:  67% ▕████████████      ▏ 184 MB/274 MB  4.1 MB/s     21s[K[?25h[?2026l[?2026h[?25l[A[1Gpulling manifest [K
pulling 970aa74c0a90:  67% ▕████████████      ▏ 184 MB/274 MB  4.1 MB/s     21s[K[?25h[?2026l[?2026h[?25l[A[1Gpulling manifest [K
pulling 970aa74c0a90:  68% ▕████████████      ▏ 185 MB/274 MB  4.1 MB/s     21s[K[?25h[?2026l[?2026h[?25l[A[1Gpulling manifest [K
pulling 970aa74c0a90:  68% ▕████████████      ▏ 185 MB/274 MB  4.1 MB/s     21s[K[?25h[?2026l[?2026h[?25l[A[1Gpulling manifest [K
pulling 970aa74c0a90:  68% ▕████████████      ▏ 186 MB/274 MB  4.1 MB/s     21s[K[?25h[?2026l[?2026h[?25l[A[1Gpulling manifest [K
pulling 970aa74c0a90:  68% ▕████████████      ▏ 186 MB/274 MB  3.9 MB/s     22s[K[?25h[?2026l[?2026h[?25l[A[1Gpulling manifest [K
pulling 970aa74c0a90:  68% ▕████████████      ▏ 186 MB/274 MB  3.9 MB/s     22s[K[?25h[?2026l[?2026h[?25l[A[1Gpulling manifest [K
pulling 970aa74c0a90:  68% ▕████████████      ▏ 187 MB/274 MB  3.9 MB/s     22s[K[?25h[?2026l[?2026h[?25l[A[1Gpulling manifest [K
pulling 970aa74c0a90:  68% ▕████████████      ▏ 187 MB/274 MB  3.9 MB/s     22s[K[?25h[?2026l[?2026h[?25l[A[1Gpulling manifest [K
pulling 970aa74c0a90:  68% ▕████████████      ▏ 187 MB/274 MB  3.9 MB/s     22s[K[?25h[?2026l[?2026h[?25l[A[1Gpulling manifest [K
pulling 970aa74c0a90:  69% ▕████████████      ▏ 188 MB/274 MB  3.9 MB/s     22s[K[?25h[?2026l[?2026h[?25l[A[1Gpulling manifest [K
pulling 970aa74c0a90:  69% ▕████████████      ▏ 188 MB/274 MB  3.9 MB/s     21s[K[?25h[?2026l[?2026h[?25l[A[1Gpulling manifest [K
pulling 970aa74c0a90:  69% ▕████████████      ▏ 188 MB/274 MB  3.9 MB/s     21s[K[?25h[?2026l[?2026h[?25l[A[1Gpulling manifest [K
pulling 970aa74c0a90:  69% ▕████████████      ▏ 189 MB/274 MB  3.9 MB/s     21s[K[?25h[?2026l[?2026h[?25l[A[1Gpulling manifest [K
pulling 970aa74c0a90:  69% ▕████████████      ▏ 189 MB/274 MB  3.9 MB/s     21s[K[?25h[?2026l[?2026h[?25l[A[1Gpulling manifest [K
pulling 970aa74c0a90:  69% ▕████████████      ▏ 190 MB/274 MB  3.9 MB/s     21s[K[?25h[?2026l[?2026h[?25l[A[1Gpulling manifest [K
pulling 970aa74c0a90:  69% ▕████████████      ▏ 190 MB/274 MB  3.8 MB/s     22s[K[?25h[?2026l[?2026h[?25l[A[1Gpulling manifest [K
pulling 970aa74c0a90:  70% ▕████████████      ▏ 190 MB/274 MB  3.8 MB/s     21s[K[?25h[?2026l[?2026h[?25l[A[1Gpulling manifest [K
pulling 970aa74c0a90:  70% ▕████████████      ▏ 191 MB/274 MB  3.8 MB/s     21s[K[?25h[?2026l[?2026h[?25l[A[1Gpulling manifest [K
pulling 970aa74c0a90:  70% ▕████████████      ▏ 191 MB/274 MB  3.8 MB/s     21s[K[?25h[?2026l[?2026h[?25l[A[1Gpulling manifest [K
pulling 970aa74c0a90:  70% ▕████████████      ▏ 192 MB/274 MB  3.8 MB/s     21s[K[?25h[?2026l[?2026h[?25l[A[1Gpulling manifest [K
pulling 970aa74c0a90:  70% ▕████████████      ▏ 192 MB/274 MB  3.8 MB/s     21s[K[?25h[?2026l[?2026h[?25l[A[1Gpulling manifest [K
pulling 970aa74c0a90:  70% ▕████████████      ▏ 192 MB/274 MB  3.8 MB/s     21s[K[?25h[?2026l[?2026h[?25l[A[1Gpulling manifest [K
pulling 970aa74c0a90:  70% ▕████████████      ▏ 193 MB/274 MB  3.8 MB/s     21s[K[?25h[?2026l[?2026h[?25l[A[1Gpulling manifest [K
pulling 970aa74c0a90:  71% ▕████████████      ▏ 193 MB/274 MB  3.8 MB/s     21s[K[?25h[?2026l[?2026h[?25l[A[1Gpulling manifest [K
pulling 970aa74c0a90:  71% ▕████████████      ▏ 193 MB/274 MB  3.8 MB/s     21s[K[?25h[?2026l[?2026h[?25l[A[1Gpulling manifest [K
pulling 970aa74c0a90:  71% ▕████████████      ▏ 194 MB/274 MB  3.8 MB/s     21s[K[?25h[?2026l[?2026h[?25l[A[1Gpulling manifest [K
pulling 970aa74c0a90:  71% ▕████████████      ▏ 194 MB/274 MB  3.8 MB/s     21s[K[?25h[?2026l[?2026h[?25l[A[1Gpulling manifest [K
pulling 970aa74c0a90:  71% ▕████████████      ▏ 194 MB/274 MB  3.8 MB/s     21s[K[?25h[?2026l[?2026h[?25l[A[1Gpulling manifest [K
pulling 970aa74c0a90:  71% ▕████████████      ▏ 195 MB/274 MB  3.8 MB/s     20s[K[?25h[?2026l[?2026h[?25l[A[1Gpulling manifest [K
pulling 970aa74c0a90:  71% ▕████████████      ▏ 195 MB/274 MB  3.8 MB/s     20s[K[?25h[?2026l[?2026h[?25l[A[1Gpulling manifest [K
pulling 970aa74c0a90:  71% ▕████████████      ▏ 196 MB/274 MB  3.8 MB/s     20s[K[?25h[?2026l[?2026h[?25l[A[1Gpulling manifest [K
pulling 970aa74c0a90:  72% ▕████████████      ▏ 196 MB/274 MB  3.8 MB/s     20s[K[?25h[?2026l[?2026h[?25l[A[1Gpulling manifest [K
pulling 970aa74c0a90:  72% ▕████████████      ▏ 196 MB/274 MB  3.8 MB/s     20s[K[?25h[?2026l[?2026h[?25l[A[1Gpulling manifest [K
pulling 970aa74c0a90:  72% ▕████████████      ▏ 197 MB/274 MB  3.8 MB/s     20s[K[?25h[?2026l[?2026h[?25l[A[1Gpulling manifest [K
pulling 970aa74c0a90:  72% ▕████████████      ▏ 197 MB/274 MB  3.8 MB/s     20s[K[?25h[?2026l[?2026h[?25l[A[1Gpulling manifest [K
pulling 970aa74c0a90:  72% ▕████████████      ▏ 197 MB/274 MB  3.8 MB/s     20s[K[?25h[?2026l[?2026h[?25l[A[1Gpulling manifest [K
pulling 970aa74c0a90:  72% ▕█████████████     ▏ 198 MB/274 MB  3.8 MB/s     20s[K[?25h[?2026l[?2026h[?25l[A[1Gpulling manifest [K
pulling 970aa74c0a90:  73% ▕█████████████     ▏ 198 MB/274 MB  3.8 MB/s     19s[K[?25h[?2026l[?2026h[?25l[A[1Gpulling manifest [K
pulling 970aa74c0a90:  73% ▕█████████████     ▏ 198 MB/274 MB  3.8 MB/s     19s[K[?25h[?2026l[?2026h[?25l[A[1Gpulling manifest [K
pulling 970aa74c0a90:  73% ▕█████████████     ▏ 199 MB/274 MB  3.8 MB/s     19s[K[?25h[?2026l[?2026h[?25l[A[1Gpulling manifest [K
pulling 970aa74c0a90:  73% ▕█████████████     ▏ 199 MB/274 MB  3.8 MB/s     19s[K[?25h[?2026l[?2026h[?25l[A[1Gpulling manifest [K
pulling 970aa74c0a90:  73% ▕█████████████     ▏ 200 MB/274 MB  3.8 MB/s     19s[K[?25h[?2026l[?2026h[?25l[A[1Gpulling manifest [K
pulling 970aa74c0a90:  73% ▕█████████████     ▏ 200 MB/274 MB  3.8 MB/s     19s[K[?25h[?2026l[?2026h[?25l[A[1Gpulling manifest [K
pulling 970aa74c0a90:  73% ▕█████████████     ▏ 201 MB/274 MB  3.8 MB/s     19s[K[?25h[?2026l[?2026h[?25l[A[1Gpulling manifest [K
pulling 970aa74c0a90:  73% ▕█████████████     ▏ 201 MB/274 MB  3.8 MB/s     19s[K[?25h[?2026l[?2026h[?25l[A[1Gpulling manifest [K
pulling 970aa74c0a90:  74% ▕█████████████     ▏ 201 MB/274 MB  3.8 MB/s     18s[K[?25h[?2026l[?2026h[?25l[A[1Gpulling manifest [K
pulling 970aa74c0a90:  74% ▕█████████████     ▏ 202 MB/274 MB  3.8 MB/s     18s[K[?25h[?2026l[?2026h[?25l[A[1Gpulling manifest [K
pulling 970aa74c0a90:  74% ▕█████████████     ▏ 202 MB/274 MB  3.8 MB/s     18s[K[?25h[?2026l[?2026h[?25l[A[1Gpulling manifest [K
pulling 970aa74c0a90:  74% ▕█████████████     ▏ 202 MB/274 MB  3.8 MB/s     18s[K[?25h[?2026l[?2026h[?25l[A[1Gpulling manifest [K
pulling 970aa74c0a90:  74% ▕█████████████     ▏ 203 MB/274 MB  3.8 MB/s     18s[K[?25h[?2026l[?2026h[?25l[A[1Gpulling manifest [K
pulling 970aa74c0a90:  74% ▕█████████████     ▏ 203 MB/274 MB  3.8 MB/s     18s[K[?25h[?2026l[?2026h[?25l[A[1Gpulling manifest [K
pulling 970aa74c0a90:  74% ▕█████████████     ▏ 204 MB/274 MB  3.8 MB/s     18s[K[?25h[?2026l[?2026h[?25l[A[1Gpulling manifest [K
pulling 970aa74c0a90:  75% ▕█████████████     ▏ 204 MB/274 MB  3.8 MB/s     18s[K[?25h[?2026l[?2026h[?25l[A[1Gpulling manifest [K
pulling 970aa74c0a90:  75% ▕█████████████     ▏ 204 MB/274 MB  3.8 MB/s     18s[K[?25h[?2026l[?2026h[?25l[A[1Gpulling manifest [K
pulling 970aa74c0a90:  75% ▕█████████████     ▏ 205 MB/274 MB  3.8 MB/s     18s[K[?25h[?2026l[?2026h[?25l[A[1Gpulling manifest [K
pulling 970aa74c0a90:  75% ▕█████████████     ▏ 205 MB/274 MB  3.8 MB/s     18s[K[?25h[?2026l[?2026h[?25l[A[1Gpulling manifest [K
pulling 970aa74c0a90:  75% ▕█████████████     ▏ 205 MB/274 MB  3.8 MB/s     18s[K[?25h[?2026l[?2026h[?25l[A[1Gpulling manifest [K
pulling 970aa74c0a90:  75% ▕█████████████     ▏ 206 MB/274 MB  3.8 MB/s     17s[K[?25h[?2026l[?2026h[?25l[A[1Gpulling manifest [K
pulling 970aa74c0a90:  75% ▕█████████████     ▏ 206 MB/274 MB  3.8 MB/s     17s[K[?25h[?2026l[?2026h[?25l[A[1Gpulling manifest [K
pulling 970aa74c0a90:  75% ▕█████████████     ▏ 206 MB/274 MB  3.8 MB/s     17s[K[?25h[?2026l[?2026h[?25l[A[1Gpulling manifest [K
pulling 970aa74c0a90:  75% ▕█████████████     ▏ 206 MB/274 MB  3.8 MB/s     17s[K[?25h[?2026l[?2026h[?25l[A[1Gpulling manifest [K
pulling 970aa74c0a90:  75% ▕█████████████     ▏ 206 MB/274 MB  3.8 MB/s     17s[K[?25h[?2026l[?2026h[?25l[A[1Gpulling manifest [K
pulling 970aa74c0a90:  76% ▕█████████████     ▏ 207 MB/274 MB  3.8 MB/s     17s[K[?25h[?2026l[?2026h[?25l[A[1Gpulling manifest [K
pulling 970aa74c0a90:  76% ▕█████████████     ▏ 207 MB/274 MB  3.8 MB/s     17s[K[?25h[?2026l[?2026h[?25l[A[1Gpulling manifest [K
pulling 970aa74c0a90:  76% ▕█████████████     ▏ 208 MB/274 MB  3.8 MB/s     17s[K[?25h[?2026l[?2026h[?25l[A[1Gpulling manifest [K
pulling 970aa74c0a90:  76% ▕█████████████     ▏ 208 MB/274 MB  3.8 MB/s     17s[K[?25h[?2026l[?2026h[?25l[A[1Gpulling manifest [K
pulling 970aa74c0a90:  76% ▕█████████████     ▏ 208 MB/274 MB  3.7 MB/s     17s[K[?25h[?2026l[?2026h[?25l[A[1Gpulling manifest [K
pulling 970aa74c0a90:  76% ▕█████████████     ▏ 209 MB/274 MB  3.7 MB/s     17s[K[?25h[?2026l[?2026h[?25l[A[1Gpulling manifest [K
pulling 970aa74c0a90:  76% ▕█████████████     ▏ 209 MB/274 MB  3.7 MB/s     17s[K[?25h[?2026l[?2026h[?25l[A[1Gpulling manifest [K
pulling 970aa74c0a90:  77% ▕█████████████     ▏ 209 MB/274 MB  3.7 MB/s     17s[K[?25h[?2026l[?2026h[?25l[A[1Gpulling manifest [K
pulling 970aa74c0a90:  77% ▕█████████████     ▏ 210 MB/274 MB  3.7 MB/s     17s[K[?25h[?2026l[?2026h[?25l[A[1Gpulling manifest [K
pulling 970aa74c0a90:  77% ▕█████████████     ▏ 210 MB/274 MB  3.7 MB/s     17s[K[?25h[?2026l[?2026h[?25l[A[1Gpulling manifest [K
pulling 970aa74c0a90:  77% ▕█████████████     ▏ 211 MB/274 MB  3.7 MB/s     16s[K[?25h[?2026l[?2026h[?25l[A[1Gpulling manifest [K
pulling 970aa74c0a90:  77% ▕█████████████     ▏ 211 MB/274 MB  3.7 MB/s     16s[K[?25h[?2026l[?2026h[?25l[A[1Gpulling manifest [K
pulling 970aa74c0a90:  77% ▕█████████████     ▏ 212 MB/274 MB  3.7 MB/s     16s[K[?25h[?2026l[?2026h[?25l[A[1Gpulling manifest [K
pulling 970aa74c0a90:  77% ▕█████████████     ▏ 212 MB/274 MB  3.7 MB/s     16s[K[?25h[?2026l[?2026h[?25l[A[1Gpulling manifest [K
pulling 970aa74c0a90:  78% ▕█████████████     ▏ 212 MB/274 MB  3.8 MB/s     16s[K[?25h[?2026l[?2026h[?25l[A[1Gpulling manifest [K
pulling 970aa74c0a90:  78% ▕█████████████     ▏ 213 MB/274 MB  3.8 MB/s     16s[K[?25h[?2026l[?2026h[?25l[A[1Gpulling manifest [K
pulling 970aa74c0a90:  78% ▕██████████████    ▏ 213 MB/274 MB  3.8 MB/s     16s[K[?25h[?2026l[?2026h[?25l[A[1Gpulling manifest [K
pulling 970aa74c0a90:  78% ▕██████████████    ▏ 214 MB/274 MB  3.8 MB/s     15s[K[?25h[?2026l[?2026h[?25l[A[1Gpulling manifest [K
pulling 970aa74c0a90:  78% ▕██████████████    ▏ 214 MB/274 MB  3.8 MB/s     15s[K[?25h[?2026l[?2026h[?25l[A[1Gpulling manifest [K
pulling 970aa74c0a90:  78% ▕██████████████    ▏ 214 MB/274 MB  3.8 MB/s     15s[K[?25h[?2026l[?2026h[?25l[A[1Gpulling manifest [K
pulling 970aa74c0a90:  79% ▕██████████████    ▏ 215 MB/274 MB  3.8 MB/s     15s[K[?25h[?2026l[?2026h[?25l[A[1Gpulling manifest [K
pulling 970aa74c0a90:  79% ▕██████████████    ▏ 215 MB/274 MB  3.8 MB/s     15s[K[?25h[?2026l[?2026h[?25l[A[1Gpulling manifest [K
pulling 970aa74c0a90:  79% ▕██████████████    ▏ 216 MB/274 MB  3.8 MB/s     15s[K[?25h[?2026l[?2026h[?25l[A[1Gpulling manifest [K
pulling 970aa74c0a90:  79% ▕██████████████    ▏ 216 MB/274 MB  3.8 MB/s     15s[K[?25h[?2026l[?2026h[?25l[A[1Gpulling manifest [K
pulling 970aa74c0a90:  79% ▕██████████████    ▏ 217 MB/274 MB  3.8 MB/s     14s[K[?25h[?2026l[?2026h[?25l[A[1Gpulling manifest [K
pulling 970aa74c0a90:  79% ▕██████████████    ▏ 217 MB/274 MB  3.8 MB/s     14s[K[?25h[?2026l[?2026h[?25l[A[1Gpulling manifest [K
pulling 970aa74c0a90:  79% ▕██████████████    ▏ 217 MB/274 MB  3.8 MB/s     14s[K[?25h[?2026l[?2026h[?25l[A[1Gpulling manifest [K
pulling 970aa74c0a90:  80% ▕██████████████    ▏ 218 MB/274 MB  3.8 MB/s     14s[K[?25h[?2026l[?2026h[?25l[A[1Gpulling manifest [K
pulling 970aa74c0a90:  80% ▕██████████████    ▏ 218 MB/274 MB  3.8 MB/s     14s[K[?25h[?2026l[?2026h[?25l[A[1Gpulling manifest [K
pulling 970aa74c0a90:  80% ▕██████████████    ▏ 219 MB/274 MB  3.8 MB/s     14s[K[?25h[?2026l[?2026h[?25l[A[1Gpulling manifest [K
pulling 970aa74c0a90:  80% ▕██████████████    ▏ 219 MB/274 MB  3.8 MB/s     14s[K[?25h[?2026l[?2026h[?25l[A[1Gpulling manifest [K
pulling 970aa74c0a90:  80% ▕██████████████    ▏ 220 MB/274 MB  3.8 MB/s     14s[K[?25h[?2026l[?2026h[?25l[A[1Gpulling manifest [K
pulling 970aa74c0a90:  80% ▕██████████████    ▏ 220 MB/274 MB  3.8 MB/s     14s[K[?25h[?2026l[?2026h[?25l[A[1Gpulling manifest [K
pulling 970aa74c0a90:  80% ▕██████████████    ▏ 220 MB/274 MB  3.8 MB/s     14s[K[?25h[?2026l[?2026h[?25l[A[1Gpulling manifest [K
pulling 970aa74c0a90:  81% ▕██████████████    ▏ 221 MB/274 MB  3.9 MB/s     13s[K[?25h[?2026l[?2026h[?25l[A[1Gpulling manifest [K
pulling 970aa74c0a90:  81% ▕██████████████    ▏ 221 MB/274 MB  3.9 MB/s     13s[K[?25h[?2026l[?2026h[?25l[A[1Gpulling manifest [K
pulling 970aa74c0a90:  81% ▕██████████████    ▏ 222 MB/274 MB  3.9 MB/s     13s[K[?25h[?2026l[?2026h[?25l[A[1Gpulling manifest [K
pulling 970aa74c0a90:  81% ▕██████████████    ▏ 222 MB/274 MB  3.9 MB/s     13s[K[?25h[?2026l[?2026h[?25l[A[1Gpulling manifest [K
pulling 970aa74c0a90:  81% ▕██████████████    ▏ 223 MB/274 MB  3.9 MB/s     13s[K[?25h[?2026l[?2026h[?25l[A[1Gpulling manifest [K
pulling 970aa74c0a90:  81% ▕██████████████    ▏ 223 MB/274 MB  3.9 MB/s     13s[K[?25h[?2026l[?2026h[?25l[A[1Gpulling manifest [K
pulling 970aa74c0a90:  82% ▕██████████████    ▏ 223 MB/274 MB  3.9 MB/s     12s[K[?25h[?2026l[?2026h[?25l[A[1Gpulling manifest [K
pulling 970aa74c0a90:  82% ▕██████████████    ▏ 224 MB/274 MB  3.9 MB/s     12s[K[?25h[?2026l[?2026h[?25l[A[1Gpulling manifest [K
pulling 970aa74c0a90:  82% ▕██████████████    ▏ 224 MB/274 MB  3.9 MB/s     12s[K[?25h[?2026l[?2026h[?25l[A[1Gpulling manifest [K
pulling 970aa74c0a90:  82% ▕██████████████    ▏ 225 MB/274 MB  3.9 MB/s     12s[K[?25h[?2026l[?2026h[?25l[A[1Gpulling manifest [K
pulling 970aa74c0a90:  82% ▕██████████████    ▏ 225 MB/274 MB  3.9 MB/s     12s[K[?25h[?2026l[?2026h[?25l[A[1Gpulling manifest [K
pulling 970aa74c0a90:  82% ▕██████████████    ▏ 226 MB/274 MB  3.9 MB/s     12s[K[?25h[?2026l[?2026h[?25l[A[1Gpulling manifest [K
pulling 970aa74c0a90:  83% ▕██████████████    ▏ 226 MB/274 MB  3.9 MB/s     12s[K[?25h[?2026l[?2026h[?25l[A[1Gpulling manifest [K
pulling 970aa74c0a90:  83% ▕██████████████    ▏ 227 MB/274 MB  3.9 MB/s     11s[K[?25h[?2026l[?2026h[?25l[A[1Gpulling manifest [K
pulling 970aa74c0a90:  83% ▕██████████████    ▏ 227 MB/274 MB  3.9 MB/s     11s[K[?25h[?2026l[?2026h[?25l[A[1Gpulling manifest [K
pulling 970aa74c0a90:  83% ▕██████████████    ▏ 227 MB/274 MB  3.9 MB/s     11s[K[?25h[?2026l[?2026h[?25l[A[1Gpulling manifest [K
pulling 970aa74c0a90:  83% ▕██████████████    ▏ 228 MB/274 MB  3.9 MB/s     11s[K[?25h[?2026l[?2026h[?25l[A[1Gpulling manifest [K
pulling 970aa74c0a90:  83% ▕███████████████   ▏ 228 MB/274 MB  3.9 MB/s     11s[K[?25h[?2026l[?2026h[?25l[A[1Gpulling manifest [K
pulling 970aa74c0a90:  84% ▕███████████████   ▏ 229 MB/274 MB  3.9 MB/s     11s[K[?25h[?2026l[?2026h[?25l[A[1Gpulling manifest [K
pulling 970aa74c0a90:  84% ▕███████████████   ▏ 229 MB/274 MB  3.9 MB/s     11s[K[?25h[?2026l[?2026h[?25l[A[1Gpulling manifest [K
pulling 970aa74c0a90:  84% ▕███████████████   ▏ 230 MB/274 MB  3.9 MB/s     11s[K[?25h[?2026l[?2026h[?25l[A[1Gpulling manifest [K
pulling 970aa74c0a90:  84% ▕███████████████   ▏ 230 MB/274 MB  4.0 MB/s     10s[K[?25h[?2026l[?2026h[?25l[A[1Gpulling manifest [K
pulling 970aa74c0a90:  84% ▕███████████████   ▏ 231 MB/274 MB  4.0 MB/s     10s[K[?25h[?2026l[?2026h[?25l[A[1Gpulling manifest [K
pulling 970aa74c0a90:  84% ▕███████████████   ▏ 231 MB/274 MB  4.0 MB/s     10s[K[?25h[?2026l[?2026h[?25l[A[1Gpulling manifest [K
pulling 970aa74c0a90:  85% ▕███████████████   ▏ 232 MB/274 MB  4.0 MB/s     10s[K[?25h[?2026l[?2026h[?25l[A[1Gpulling manifest [K
pulling 970aa74c0a90:  85% ▕███████████████   ▏ 232 MB/274 MB  4.0 MB/s     10s[K[?25h[?2026l[?2026h[?25l[A[1Gpulling manifest [K
pulling 970aa74c0a90:  85% ▕███████████████   ▏ 232 MB/274 MB  4.0 MB/s     10s[K[?25h[?2026l[?2026h[?25l[A[1Gpulling manifest [K
pulling 970aa74c0a90:  85% ▕███████████████   ▏ 233 MB/274 MB  4.0 MB/s     10s[K[?25h[?2026l[?2026h[?25l[A[1Gpulling manifest [K
pulling 970aa74c0a90:  85% ▕███████████████   ▏ 233 MB/274 MB  4.0 MB/s     10s[K[?25h[?2026l[?2026h[?25l[A[1Gpulling manifest [K
pulling 970aa74c0a90:  85% ▕███████████████   ▏ 233 MB/274 MB  4.0 MB/s      9s[K[?25h[?2026l[?2026h[?25l[A[1Gpulling manifest [K
pulling 970aa74c0a90:  85% ▕███████████████   ▏ 234 MB/274 MB  4.0 MB/s      9s[K[?25h[?2026l[?2026h[?25l[A[1Gpulling manifest [K
pulling 970aa74c0a90:  86% ▕███████████████   ▏ 234 MB/274 MB  4.1 MB/s      9s[K[?25h[?2026l[?2026h[?25l[A[1Gpulling manifest [K
pulling 970aa74c0a90:  86% ▕███████████████   ▏ 234 MB/274 MB  4.1 MB/s      9s[K[?25h[?2026l[?2026h[?25l[A[1Gpulling manifest [K
pulling 970aa74c0a90:  86% ▕███████████████   ▏ 235 MB/274 MB  4.1 MB/s      9s[K[?25h[?2026l[?2026h[?25l[A[1Gpulling manifest [K
pulling 970aa74c0a90:  86% ▕███████████████   ▏ 235 MB/274 MB  4.1 MB/s      9s[K[?25h[?2026l[?2026h[?25l[A[1Gpulling manifest [K
pulling 970aa74c0a90:  86% ▕███████████████   ▏ 235 MB/274 MB  4.1 MB/s      9s[K[?25h[?2026l[?2026h[?25l[A[1Gpulling manifest [K
pulling 970aa74c0a90:  86% ▕███████████████   ▏ 236 MB/274 MB  4.1 MB/s      9s[K[?25h[?2026l[?2026h[?25l[A[1Gpulling manifest [K
pulling 970aa74c0a90:  86% ▕███████████████   ▏ 237 MB/274 MB  4.1 MB/s      9s[K[?25h[?2026l[?2026h[?25l[A[1Gpulling manifest [K
pulling 970aa74c0a90:  86% ▕███████████████   ▏ 237 MB/274 MB  4.1 MB/s      9s[K[?25h[?2026l[?2026h[?25l[A[1Gpulling manifest [K
pulling 970aa74c0a90:  87% ▕███████████████   ▏ 237 MB/274 MB  4.1 MB/s      8s[K[?25h[?2026l[?2026h[?25l[A[1Gpulling manifest [K
pulling 970aa74c0a90:  87% ▕███████████████   ▏ 238 MB/274 MB  4.1 MB/s      8s[K[?25h[?2026l[?2026h[?25l[A[1Gpulling manifest [K
pulling 970aa74c0a90:  87% ▕███████████████   ▏ 238 MB/274 MB  4.1 MB/s      8s[K[?25h[?2026l[?2026h[?25l[A[1Gpulling manifest [K
pulling 970aa74c0a90:  87% ▕███████████████   ▏ 238 MB/274 MB  4.1 MB/s      8s[K[?25h[?2026l[?2026h[?25l[A[1Gpulling manifest [K
pulling 970aa74c0a90:  87% ▕███████████████   ▏ 239 MB/274 MB  4.1 MB/s      8s[K[?25h[?2026l[?2026h[?25l[A[1Gpulling manifest [K
pulling 970aa74c0a90:  87% ▕███████████████   ▏ 239 MB/274 MB  4.1 MB/s      8s[K[?25h[?2026l[?2026h[?25l[A[1Gpulling manifest [K
pulling 970aa74c0a90:  88% ▕███████████████   ▏ 240 MB/274 MB  4.1 MB/s      8s[K[?25h[?2026l[?2026h[?25l[A[1Gpulling manifest [K
pulling 970aa74c0a90:  88% ▕███████████████   ▏ 241 MB/274 MB  4.1 MB/s      8s[K[?25h[?2026l[?2026h[?25l[A[1Gpulling manifest [K
pulling 970aa74c0a90:  88% ▕███████████████   ▏ 241 MB/274 MB  4.1 MB/s      8s[K[?25h[?2026l[?2026h[?25l[A[1Gpulling manifest [K
pulling 970aa74c0a90:  88% ▕███████████████   ▏ 242 MB/274 MB  4.1 MB/s      7s[K[?25h[?2026l[?2026h[?25l[A[1Gpulling manifest [K
pulling 970aa74c0a90:  89% ▕███████████████   ▏ 242 MB/274 MB  4.1 MB/s      7s[K[?25h[?2026l[?2026h[?25l[A[1Gpulling manifest [K
pulling 970aa74c0a90:  89% ▕███████████████   ▏ 243 MB/274 MB  4.1 MB/s      7s[K[?25h[?2026l[?2026h[?25l[A[1Gpulling manifest [K
pulling 970aa74c0a90:  89% ▕███████████████   ▏ 243 MB/274 MB  4.2 MB/s      7s[K[?25h[?2026l[?2026h[?25l[A[1Gpulling manifest [K
pulling 970aa74c0a90:  89% ▕████████████████  ▏ 244 MB/274 MB  4.2 MB/s      7s[K[?25h[?2026l[?2026h[?25l[A[1Gpulling manifest [K
pulling 970aa74c0a90:  89% ▕████████████████  ▏ 244 MB/274 MB  4.2 MB/s      6s[K[?25h[?2026l[?2026h[?25l[A[1Gpulling manifest [K
pulling 970aa74c0a90:  89% ▕████████████████  ▏ 245 MB/274 MB  4.2 MB/s      6s[K[?25h[?2026l[?2026h[?25l[A[1Gpulling manifest [K
pulling 970aa74c0a90:  90% ▕████████████████  ▏ 246 MB/274 MB  4.2 MB/s      6s[K[?25h[?2026l[?2026h[?25l[A[1Gpulling manifest [K
pulling 970aa74c0a90:  90% ▕████████████████  ▏ 246 MB/274 MB  4.2 MB/s      6s[K[?25h[?2026l[?2026h[?25l[A[1Gpulling manifest [K
pulling 970aa74c0a90:  90% ▕████████████████  ▏ 246 MB/274 MB  4.2 MB/s      6s[K[?25h[?2026l[?2026h[?25l[A[1Gpulling manifest [K
pulling 970aa74c0a90:  90% ▕████████████████  ▏ 247 MB/274 MB  4.2 MB/s      6s[K[?25h[?2026l[?2026h[?25l[A[1Gpulling manifest [K
pulling 970aa74c0a90:  90% ▕████████████████  ▏ 247 MB/274 MB  4.2 MB/s      6s[K[?25h[?2026l[?2026h[?25l[A[1Gpulling manifest [K
pulling 970aa74c0a90:  90% ▕████████████████  ▏ 248 MB/274 MB  4.2 MB/s      6s[K[?25h[?2026l[?2026h[?25l[A[1Gpulling manifest [K
pulling 970aa74c0a90:  91% ▕████████████████  ▏ 248 MB/274 MB  4.5 MB/s      5s[K[?25h[?2026l[?2026h[?25l[A[1Gpulling manifest [K
pulling 970aa74c0a90:  91% ▕████████████████  ▏ 249 MB/274 MB  4.5 MB/s      5s[K[?25h[?2026l[?2026h[?25l[A[1Gpulling manifest [K
pulling 970aa74c0a90:  91% ▕████████████████  ▏ 249 MB/274 MB  4.5 MB/s      5s[K[?25h[?2026l[?2026h[?25l[A[1Gpulling manifest [K
pulling 970aa74c0a90:  91% ▕████████████████  ▏ 250 MB/274 MB  4.5 MB/s      5s[K[?25h[?2026l[?2026h[?25l[A[1Gpulling manifest [K
pulling 970aa74c0a90:  91% ▕████████████████  ▏ 250 MB/274 MB  4.5 MB/s      5s[K[?25h[?2026l[?2026h[?25l[A[1Gpulling manifest [K
pulling 970aa74c0a90:  92% ▕████████████████  ▏ 251 MB/274 MB  4.5 MB/s      5s[K[?25h[?2026l[?2026h[?25l[A[1Gpulling manifest [K
pulling 970aa74c0a90:  92% ▕████████████████  ▏ 251 MB/274 MB  4.5 MB/s      5s[K[?25h[?2026l[?2026h[?25l[A[1Gpulling manifest [K
pulling 970aa74c0a90:  92% ▕████████████████  ▏ 252 MB/274 MB  4.5 MB/s      4s[K[?25h[?2026l[?2026h[?25l[A[1Gpulling manifest [K
pulling 970aa74c0a90:  92% ▕████████████████  ▏ 253 MB/274 MB  4.5 MB/s      4s[K[?25h[?2026l[?2026h[?25l[A[1Gpulling manifest [K
pulling 970aa74c0a90:  93% ▕████████████████  ▏ 253 MB/274 MB  4.5 MB/s      4s[K[?25h[?2026l[?2026h[?25l[A[1Gpulling manifest [K
pulling 970aa74c0a90:  93% ▕████████████████  ▏ 254 MB/274 MB  4.5 MB/s      4s[K[?25h[?2026l[?2026h[?25l[A[1Gpulling manifest [K
pulling 970aa74c0a90:  93% ▕████████████████  ▏ 255 MB/274 MB  4.6 MB/s      4s[K[?25h[?2026l[?2026h[?25l[A[1Gpulling manifest [K
pulling 970aa74c0a90:  93% ▕████████████████  ▏ 255 MB/274 MB  4.6 MB/s      3s[K[?25h[?2026l[?2026h[?25l[A[1Gpulling manifest [K
pulling 970aa74c0a90:  93% ▕████████████████  ▏ 255 MB/274 MB  4.6 MB/s      3s[K[?25h[?2026l[?2026h[?25l[A[1Gpulling manifest [K
pulling 970aa74c0a90:  94% ▕████████████████  ▏ 256 MB/274 MB  4.6 MB/s      3s[K[?25h[?2026l[?2026h[?25l[A[1Gpulling manifest [K
pulling 970aa74c0a90:  94% ▕████████████████  ▏ 257 MB/274 MB  4.6 MB/s      3s[K[?25h[?2026l[?2026h[?25l[A[1Gpulling manifest [K
pulling 970aa74c0a90:  94% ▕████████████████  ▏ 257 MB/274 MB  4.6 MB/s      3s[K[?25h[?2026l[?2026h[?25l[A[1Gpulling manifest [K
pulling 970aa74c0a90:  94% ▕████████████████  ▏ 257 MB/274 MB  4.6 MB/s      3s[K[?25h[?2026l[?2026h[?25l[A[1Gpulling manifest [K
pulling 970aa74c0a90:  94% ▕████████████████  ▏ 258 MB/274 MB  4.6 MB/s      3s[K[?25h[?2026l[?2026h[?25l[A[1Gpulling manifest [K
pulling 970aa74c0a90:  94% ▕████████████████  ▏ 258 MB/274 MB  4.6 MB/s      3s[K[?25h[?2026l[?2026h[?25l[A[1Gpulling manifest [K
pulling 970aa74c0a90:  94% ▕████████████████  ▏ 258 MB/274 MB  4.6 MB/s      3s[K[?25h[?2026l[?2026h[?25l[A[1Gpulling manifest [K
pulling 970aa74c0a90:  94% ▕█████████████████ ▏ 259 MB/274 MB  4.6 MB/s      3s[K[?25h[?2026l[?2026h[?25l[A[1Gpulling manifest [K
pulling 970aa74c0a90:  94% ▕█████████████████ ▏ 259 MB/274 MB  4.6 MB/s      3s[K[?25h[?2026l[?2026h[?25l[A[1Gpulling manifest [K
pulling 970aa74c0a90:  95% ▕█████████████████ ▏ 259 MB/274 MB  4.6 MB/s      3s[K[?25h[?2026l[?2026h[?25l[A[1Gpulling manifest [K
pulling 970aa74c0a90:  95% ▕█████████████████ ▏ 260 MB/274 MB  4.6 MB/s      3s[K[?25h[?2026l[?2026h[?25l[A[1Gpulling manifest [K
pulling 970aa74c0a90:  95% ▕█████████████████ ▏ 260 MB/274 MB  4.6 MB/s      2s[K[?25h[?2026l[?2026h[?25l[A[1Gpulling manifest [K
pulling 970aa74c0a90:  95% ▕█████████████████ ▏ 260 MB/274 MB  4.6 MB/s      2s[K[?25h[?2026l[?2026h[?25l[A[1Gpulling manifest [K
pulling 970aa74c0a90:  95% ▕█████████████████ ▏ 261 MB/274 MB  4.6 MB/s      2s[K[?25h[?2026l[?2026h[?25l[A[1Gpulling manifest [K
pulling 970aa74c0a90:  95% ▕█████████████████ ▏ 261 MB/274 MB  4.6 MB/s      2s[K[?25h[?2026l[?2026h[?25l[A[1Gpulling manifest [K
pulling 970aa74c0a90:  96% ▕█████████████████ ▏ 262 MB/274 MB  4.6 MB/s      2s[K[?25h[?2026l[?2026h[?25l[A[1Gpulling manifest [K
pulling 970aa74c0a90:  96% ▕█████████████████ ▏ 262 MB/274 MB  4.6 MB/s      2s[K[?25h[?2026l[?2026h[?25l[A[1Gpulling manifest [K
pulling 970aa74c0a90:  96% ▕█████████████████ ▏ 262 MB/274 MB  4.6 MB/s      2s[K[?25h[?2026l[?2026h[?25l[A[1Gpulling manifest [K
pulling 970aa74c0a90:  96% ▕█████████████████ ▏ 262 MB/274 MB  4.6 MB/s      2s[K[?25h[?2026l[?2026h[?25l[A[1Gpulling manifest [K
pulling 970aa74c0a90:  96% ▕█████████████████ ▏ 263 MB/274 MB  4.6 MB/s      2s[K[?25h[?2026l[?2026h[?25l[A[1Gpulling manifest [K
pulling 970aa74c0a90:  96% ▕█████████████████ ▏ 263 MB/274 MB  4.6 MB/s      2s[K[?25h[?2026l[?2026h[?25l[A[1Gpulling manifest [K
pulling 970aa74c0a90:  96% ▕█████████████████ ▏ 263 MB/274 MB  4.6 MB/s      2s[K[?25h[?2026l[?2026h[?25l[A[1Gpulling manifest [K
pulling 970aa74c0a90:  96% ▕█████████████████ ▏ 264 MB/274 MB  4.6 MB/s      2s[K[?25h[?2026l[?2026h[?25l[A[1Gpulling manifest [K
pulling 970aa74c0a90:  96% ▕█████████████████ ▏ 264 MB/274 MB  4.6 MB/s      2s[K[?25h[?2026l[?2026h[?25l[A[1Gpulling manifest [K
pulling 970aa74c0a90:  97% ▕█████████████████ ▏ 265 MB/274 MB  4.6 MB/s      2s[K[?25h[?2026l[?2026h[?25l[A[1Gpulling manifest [K
pulling 970aa74c0a90:  97% ▕█████████████████ ▏ 265 MB/274 MB  4.6 MB/s      1s[K[?25h[?2026l[?2026h[?25l[A[1Gpulling manifest [K
pulling 970aa74c0a90:  97% ▕█████████████████ ▏ 265 MB/274 MB  4.6 MB/s      1s[K[?25h[?2026l[?2026h[?25l[A[1Gpulling manifest [K
pulling 970aa74c0a90:  97% ▕█████████████████ ▏ 266 MB/274 MB  4.5 MB/s      1s[K[?25h[?2026l[?2026h[?25l[A[1Gpulling manifest [K
pulling 970aa74c0a90:  97% ▕█████████████████ ▏ 266 MB/274 MB  4.5 MB/s      1s[K[?25h[?2026l[?2026h[?25l[A[1Gpulling manifest [K
pulling 970aa74c0a90:  97% ▕█████████████████ ▏ 266 MB/274 MB  4.5 MB/s      1s[K[?25h[?2026l[?2026h[?25l[A[1Gpulling manifest [K
pulling 970aa74c0a90:  97% ▕█████████████████ ▏ 267 MB/274 MB  4.5 MB/s      1s[K[?25h[?2026l[?2026h[?25l[A[1Gpulling manifest [K
pulling 970aa74c0a90:  97% ▕█████████████████ ▏ 267 MB/274 MB  4.5 MB/s      1s[K[?25h[?2026l[?2026h[?25l[A[1Gpulling manifest [K
pulling 970aa74c0a90:  98% ▕█████████████████ ▏ 267 MB/274 MB  4.5 MB/s      1s[K[?25h[?2026l[?2026h[?25l[A[1Gpulling manifest [K
pulling 970aa74c0a90:  98% ▕█████████████████ ▏ 268 MB/274 MB  4.5 MB/s      1s[K[?25h[?2026l[?2026h[?25l[A[1Gpulling manifest [K
pulling 970aa74c0a90:  98% ▕█████████████████ ▏ 268 MB/274 MB  4.5 MB/s      1s[K[?25h[?2026l[?2026h[?25l[A[1Gpulling manifest [K
pulling 970aa74c0a90:  98% ▕█████████████████ ▏ 268 MB/274 MB  4.5 MB/s      1s[K[?25h[?2026l[?2026h[?25l[A[1Gpulling manifest [K
pulling 970aa74c0a90:  98% ▕█████████████████ ▏ 269 MB/274 MB  4.5 MB/s      1s[K[?25h[?2026l[?2026h[?25l[A[1Gpulling manifest [K
pulling 970aa74c0a90:  98% ▕█████████████████ ▏ 269 MB/274 MB  4.4 MB/s      1s[K[?25h[?2026l[?2026h[?25l[A[1Gpulling manifest [K
pulling 970aa74c0a90:  98% ▕█████████████████ ▏ 269 MB/274 MB  4.4 MB/s      1s[K[?25h[?2026l[?2026h[?25l[A[1Gpulling manifest [K
pulling 970aa74c0a90:  99% ▕█████████████████ ▏ 270 MB/274 MB  4.4 MB/s      0s[K[?25h[?2026l[?2026h[?25l[A[1Gpulling manifest [K
pulling 970aa74c0a90:  99% ▕█████████████████ ▏ 270 MB/274 MB  4.4 MB/s      0s[K[?25h[?2026l[?2026h[?25l[A[1Gpulling manifest [K
pulling 970aa74c0a90:  99% ▕█████████████████ ▏ 270 MB/274 MB  4.4 MB/s      0s[K[?25h[?2026l[?2026h[?25l[A[1Gpulling manifest [K
pulling 970aa74c0a90:  99% ▕█████████████████ ▏ 271 MB/274 MB  4.4 MB/s      0s[K[?25h[?2026l[?2026h[?25l[A[1Gpulling manifest [K
pulling 970aa74c0a90:  99% ▕█████████████████ ▏ 271 MB/274 MB  4.4 MB/s      0s[K[?25h[?2026l[?2026h[?25l[A[1Gpulling manifest [K
pulling 970aa74c0a90:  99% ▕█████████████████ ▏ 271 MB/274 MB  4.4 MB/s      0s[K[?25h[?2026l[?2026h[?25l[A[1Gpulling manifest [K
pulling 970aa74c0a90:  99% ▕█████████████████ ▏ 272 MB/274 MB  4.4 MB/s      0s[K[?25h[?2026l[?2026h[?25l[A[1Gpulling manifest [K
pulling 970aa74c0a90:  99% ▕█████████████████ ▏ 272 MB/274 MB  4.4 MB/s      0s[K[?25h[?2026l[?2026h[?25l[A[1Gpulling manifest [K
pulling 970aa74c0a90:  99% ▕█████████████████ ▏ 272 MB/274 MB  4.4 MB/s      0s[K[?25h[?2026l[?2026h[?25l[A[1Gpulling manifest [K
pulling 970aa74c0a90: 100% ▕█████████████████ ▏ 273 MB/274 MB  4.3 MB/s      0s[K[?25h[?2026l[?2026h[?25l[A[1Gpulling manifest [K
pulling 970aa74c0a90: 100% ▕██████████████████▏ 274 MB                         [K[?25h[?2026l[?2026h[?25l[A[1Gpulling manifest [K
pulling 970aa74c0a90: 100% ▕██████████████████▏ 274 MB                         [K[?25h[?2026l[?2026h[?25l[A[1Gpulling manifest [K
pulling 970aa74c0a90: 100% ▕██████████████████▏ 274 MB                         [K[?25h[?2026l[?2026h[?25l[A[1Gpulling manifest [K
pulling 970aa74c0a90: 100% ▕██████████████████▏ 274 MB                         [K[?25h[?2026l[?2026h[?25l[A[1Gpulling manifest [K
pulling 970aa74c0a90: 100% ▕██████████████████▏ 274 MB                         [K[?25h[?2026l[?2026h[?25l[A[1Gpulling manifest [K
pulling 970aa74c0a90: 100% ▕██████████████████▏ 274 MB                         [K[?25h[?2026l[?2026h[?25l[A[1Gpulling manifest [K
pulling 970aa74c0a90: 100% ▕██████████████████▏ 274 MB                         [K[?25h[?2026l[?2026h[?25l[A[1Gpulling manifest [K
pulling 970aa74c0a90: 100% ▕██████████████████▏ 274 MB                         [K[?25h[?2026l[?2026h[?25l[A[1Gpulling manifest [K
pulling 970aa74c0a90: 100% ▕██████████████████▏ 274 MB                         [K[?25h[?2026l[?2026h[?25l[A[1Gpulling manifest [K
pulling 970aa74c0a90: 100% ▕██████████████████▏ 274 MB                         [K[?25h[?2026l[?2026h[?25l[A[1Gpulling manifest [K
pulling 970aa74c0a90: 100% ▕██████████████████▏ 274 MB                         [K
pulling c71d239df917: 100% ▕██████████████████▏  11 KB                         [K[?25h[?2026l[?2026h[?25l[A[A[1Gpulling manifest [K
pulling 970aa74c0a90: 100% ▕██████████████████▏ 274 MB                         [K
pulling c71d239df917: 100% ▕██████████████████▏  11 KB                         [K[?25h[?2026l[?2026h[?25l[A[A[1Gpulling manifest [K
pulling 970aa74c0a90: 100% ▕██████████████████▏ 274 MB                         [K
pulling c71d239df917: 100% ▕██████████████████▏  11 KB                         [K[?25h[?2026l[?2026h[?25l[A[A[1Gpulling manifest [K
pulling 970aa74c0a90: 100% ▕██████████████████▏ 274 MB                         [K
pulling c71d239df917: 100% ▕██████████████████▏  11 KB                         [K[?25h[?2026l[?2026h[?25l[A[A[1Gpulling manifest [K
pulling 970aa74c0a90: 100% ▕██████████████████▏ 274 MB                         [K
pulling c71d239df917: 100% ▕██████████████████▏  11 KB                         [K[?25h[?2026l[?2026h[?25l[A[A[1Gpulling manifest [K
pulling 970aa74c0a90: 100% ▕██████████████████▏ 274 MB                         [K
pulling c71d239df917: 100% ▕██████████████████▏  11 KB                         [K[?25h[?2026l[?2026h[?25l[A[A[1Gpulling manifest [K
pulling 970aa74c0a90: 100% ▕██████████████████▏ 274 MB                         [K
pulling c71d239df917: 100% ▕██████████████████▏  11 KB                         [K[?25h[?2026l[?2026h[?25l[A[A[1Gpulling manifest [K
pulling 970aa74c0a90: 100% ▕██████████████████▏ 274 MB                         [K
pulling c71d239df917: 100% ▕██████████████████▏  11 KB                         [K[?25h[?2026l[?2026h[?25l[A[A[1Gpulling manifest [K
pulling 970aa74c0a90: 100% ▕██████████████████▏ 274 MB                         [K
pulling c71d239df917: 100% ▕██████████████████▏  11 KB                         [K[?25h[?2026l[?2026h[?25l[A[A[1Gpulling manifest [K
pulling 970aa74c0a90: 100% ▕██████████████████▏ 274 MB                         [K
pulling c71d239df917: 100% ▕██████████████████▏  11 KB                         [K[?25h[?2026l[?2026h[?25l[A[A[1Gpulling manifest [K
pulling 970aa74c0a90: 100% ▕██████████████████▏ 274 MB                         [K
pulling c71d239df917: 100% ▕██████████████████▏  11 KB                         [K[?25h[?2026l[?2026h[?25l[A[A[1Gpulling manifest [K
pulling 970aa74c0a90: 100% ▕██████████████████▏ 274 MB                         [K
pulling c71d239df917: 100% ▕██████████████████▏  11 KB                         [K[?25h[?2026l[?2026h[?25l[A[A[1Gpulling manifest [K
pulling 970aa74c0a90: 100% ▕██████████████████▏ 274 MB                         [K
pulling c71d239df917: 100% ▕██████████████████▏  11 KB                         [K[?25h[?2026l[?2026h[?25l[A[A[1Gpulling manifest [K
pulling 970aa74c0a90: 100% ▕██████████████████▏ 274 MB                         [K
pulling c71d239df917: 100% ▕██████████████████▏  11 KB                         [K[?25h[?2026l[?2026h[?25l[A[A[1Gpulling manifest [K
pulling 970aa74c0a90: 100% ▕██████████████████▏ 274 MB                         [K
pulling c71d239df917: 100% ▕██████████████████▏  11 KB                         [K
pulling ce4a164fc046: 100% ▕██████████████████▏   17 B                         [K[?25h[?2026l[?2026h[?25l[A[A[A[1Gpulling manifest [K
pulling 970aa74c0a90: 100% ▕██████████████████▏ 274 MB                         [K
pulling c71d239df917: 100% ▕██████████████████▏  11 KB                         [K
pulling ce4a164fc046: 100% ▕██████████████████▏   17 B                         [K[?25h[?2026l[?2026h[?25l[A[A[A[1Gpulling manifest [K
pulling 970aa74c0a90: 100% ▕██████████████████▏ 274 MB                         [K
pulling c71d239df917: 100% ▕██████████████████▏  11 KB                         [K
pulling ce4a164fc046: 100% ▕██████████████████▏   17 B                         [K[?25h[?2026l[?2026h[?25l[A[A[A[1Gpulling manifest [K
pulling 970aa74c0a90: 100% ▕██████████████████▏ 274 MB                         [K
pulling c71d239df917: 100% ▕██████████████████▏  11 KB                         [K
pulling ce4a164fc046: 100% ▕██████████████████▏   17 B                         [K[?25h[?2026l[?2026h[?25l[A[A[A[1Gpulling manifest [K
pulling 970aa74c0a90: 100% ▕██████████████████▏ 274 MB                         [K
pulling c71d239df917: 100% ▕██████████████████▏  11 KB                         [K
pulling ce4a164fc046: 100% ▕██████████████████▏   17 B                         [K[?25h[?2026l[?2026h[?25l[A[A[A[1Gpulling manifest [K
pulling 970aa74c0a90: 100% ▕██████████████████▏ 274 MB                         [K
pulling c71d239df917: 100% ▕██████████████████▏  11 KB                         [K
pulling ce4a164fc046: 100% ▕██████████████████▏   17 B                         [K[?25h[?2026l[?2026h[?25l[A[A[A[1Gpulling manifest [K
pulling 970aa74c0a90: 100% ▕██████████████████▏ 274 MB                         [K
pulling c71d239df917: 100% ▕██████████████████▏  11 KB                         [K
pulling ce4a164fc046: 100% ▕██████████████████▏   17 B                         [K[?25h[?2026l[?2026h[?25l[A[A[A[1Gpulling manifest [K
pulling 970aa74c0a90: 100% ▕██████████████████▏ 274 MB                         [K
pulling c71d239df917: 100% ▕██████████████████▏  11 KB                         [K
pulling ce4a164fc046: 100% ▕██████████████████▏   17 B                         [K[?25h[?2026l[?2026h[?25l[A[A[A[1Gpulling manifest [K
pulling 970aa74c0a90: 100% ▕██████████████████▏ 274 MB                         [K
pulling c71d239df917: 100% ▕██████████████████▏  11 KB                         [K
pulling ce4a164fc046: 100% ▕██████████████████▏   17 B                         [K[?25h[?2026l[?2026h[?25l[A[A[A[1Gpulling manifest [K
pulling 970aa74c0a90: 100% ▕██████████████████▏ 274 MB                         [K
pulling c71d239df917: 100% ▕██████████████████▏  11 KB                         [K
pulling ce4a164fc046: 100% ▕██████████████████▏   17 B                         [K[?25h[?2026l[?2026h[?25l[A[A[A[1Gpulling manifest [K
pulling 970aa74c0a90: 100% ▕██████████████████▏ 274 MB                         [K
pulling c71d239df917: 100% ▕██████████████████▏  11 KB                         [K
pulling ce4a164fc046: 100% ▕██████████████████▏   17 B                         [K[?25h[?2026l[?2026h[?25l[A[A[A[1Gpulling manifest [K
pulling 970aa74c0a90: 100% ▕██████████████████▏ 274 MB                         [K
pulling c71d239df917: 100% ▕██████████████████▏  11 KB                         [K
pulling ce4a164fc046: 100% ▕██████████████████▏   17 B                         [K[?25h[?2026l[?2026h[?25l[A[A[A[1Gpulling manifest [K
pulling 970aa74c0a90: 100% ▕██████████████████▏ 274 MB                         [K
pulling c71d239df917: 100% ▕██████████████████▏  11 KB                         [K
pulling ce4a164fc046: 100% ▕██████████████████▏   17 B                         [K[?25h[?2026l[?2026h[?25l[A[A[A[1Gpulling manifest [K
pulling 970aa74c0a90: 100% ▕██████████████████▏ 274 MB                         [K
pulling c71d239df917: 100% ▕██████████████████▏  11 KB                         [K
pulling ce4a164fc046: 100% ▕██████████████████▏   17 B                         [K
pulling 31df23ea7daa: 100% ▕██████████████████▏  420 B                         [K[?25h[?2026l[?2026h[?25l[A[A[A[A[1Gpulling manifest [K
pulling 970aa74c0a90: 100% ▕██████████████████▏ 274 MB                         [K
pulling c71d239df917: 100% ▕██████████████████▏  11 KB                         [K
pulling ce4a164fc046: 100% ▕██████████████████▏   17 B                         [K
pulling 31df23ea7daa: 100% ▕██████████████████▏  420 B                         [K[?25h[?2026l[?2026h[?25l[A[A[A[A[1Gpulling manifest [K
pulling 970aa74c0a90: 100% ▕██████████████████▏ 274 MB                         [K
pulling c71d239df917: 100% ▕██████████████████▏  11 KB                         [K
pulling ce4a164fc046: 100% ▕██████████████████▏   17 B                         [K
pulling 31df23ea7daa: 100% ▕██████████████████▏  420 B                         [K[?25h[?2026l[?2026h[?25l[A[A[A[A[1Gpulling manifest [K
pulling 970aa74c0a90: 100% ▕██████████████████▏ 274 MB                         [K
pulling c71d239df917: 100% ▕██████████████████▏  11 KB                         [K
pulling ce4a164fc046: 100% ▕██████████████████▏   17 B                         [K
pulling 31df23ea7daa: 100% ▕██████████████████▏  420 B                         [K[?25h[?2026l[?2026h[?25l[A[A[A[A[1Gpulling manifest [K
pulling 970aa74c0a90: 100% ▕██████████████████▏ 274 MB                         [K
pulling c71d239df917: 100% ▕██████████████████▏  11 KB                         [K
pulling ce4a164fc046: 100% ▕██████████████████▏   17 B                         [K
pulling 31df23ea7daa: 100% ▕██████████████████▏  420 B                         [K[?25h[?2026l[?2026h[?25l[A[A[A[A[1Gpulling manifest [K
pulling 970aa74c0a90: 100% ▕██████████████████▏ 274 MB                         [K
pulling c71d239df917: 100% ▕██████████████████▏  11 KB                         [K
pulling ce4a164fc046: 100% ▕██████████████████▏   17 B                         [K
pulling 31df23ea7daa: 100% ▕██████████████████▏  420 B                         [K[?25h[?2026l[?2026h[?25l[A[A[A[A[1Gpulling manifest [K
pulling 970aa74c0a90: 100% ▕██████████████████▏ 274 MB                         [K
pulling c71d239df917: 100% ▕██████████████████▏  11 KB                         [K
pulling ce4a164fc046: 100% ▕██████████████████▏   17 B                         [K
pulling 31df23ea7daa: 100% ▕██████████████████▏  420 B                         [K[?25h[?2026l[?2026h[?25l[A[A[A[A[1Gpulling manifest [K
pulling 970aa74c0a90: 100% ▕██████████████████▏ 274 MB                         [K
pulling c71d239df917: 100% ▕██████████████████▏  11 KB                         [K
pulling ce4a164fc046: 100% ▕██████████████████▏   17 B                         [K
pulling 31df23ea7daa: 100% ▕██████████████████▏  420 B                         [K[?25h[?2026l[?2026h[?25l[A[A[A[A[1Gpulling manifest [K
pulling 970aa74c0a90: 100% ▕██████████████████▏ 274 MB                         [K
pulling c71d239df917: 100% ▕██████████████████▏  11 KB                         [K
pulling ce4a164fc046: 100% ▕██████████████████▏   17 B                         [K
pulling 31df23ea7daa: 100% ▕██████████████████▏  420 B                         [K
verifying sha256 digest ⠋ [K[?25h[?2026l[?2026h[?25l[A[A[A[A[A[1Gpulling manifest [K
pulling 970aa74c0a90: 100% ▕██████████████████▏ 274 MB                         [K
pulling c71d239df917: 100% ▕██████████████████▏  11 KB                         [K
pulling ce4a164fc046: 100% ▕██████████████████▏   17 B                         [K
pulling 31df23ea7daa: 100% ▕██████████████████▏  420 B                         [K
verifying sha256 digest ⠙ [K[?25h[?2026l[?2026h[?25l[A[A[A[A[A[1Gpulling manifest [K
pulling 970aa74c0a90: 100% ▕██████████████████▏ 274 MB                         [K
pulling c71d239df917: 100% ▕██████████████████▏  11 KB                         [K
pulling ce4a164fc046: 100% ▕██████████████████▏   17 B                         [K
pulling 31df23ea7daa: 100% ▕██████████████████▏  420 B                         [K
verifying sha256 digest ⠹ [K[?25h[?2026l[?2026h[?25l[A[A[A[A[A[1Gpulling manifest [K
pulling 970aa74c0a90: 100% ▕██████████████████▏ 274 MB                         [K
pulling c71d239df917: 100% ▕██████████████████▏  11 KB                         [K
pulling ce4a164fc046: 100% ▕██████████████████▏   17 B                         [K
pulling 31df23ea7daa: 100% ▕██████████████████▏  420 B                         [K
verifying sha256 digest ⠸ [K[?25h[?2026l[?2026h[?25l[A[A[A[A[A[1Gpulling manifest [K
pulling 970aa74c0a90: 100% ▕██████████████████▏ 274 MB                         [K
pulling c71d239df917: 100% ▕██████████████████▏  11 KB                         [K
pulling ce4a164fc046: 100% ▕██████████████████▏   17 B                         [K
pulling 31df23ea7daa: 100% ▕██████████████████▏  420 B                         [K
verifying sha256 digest ⠼ [K[?25h[?2026l[?2026h[?25l[A[A[A[A[A[1Gpulling manifest [K
pulling 970aa74c0a90: 100% ▕██████████████████▏ 274 MB                         [K
pulling c71d239df917: 100% ▕██████████████████▏  11 KB                         [K
pulling ce4a164fc046: 100% ▕██████████████████▏   17 B                         [K
pulling 31df23ea7daa: 100% ▕██████████████████▏  420 B                         [K
verifying sha256 digest [K
writing manifest [K
success [K[?25h[?2026l
